
Discarded input sections

 .data          0x0000000000000000        0x0 arch/arm/cpu/armv8/start.o
 .bss           0x0000000000000000        0x0 arch/arm/cpu/armv8/start.o
 .text.sdelay   0x0000000000000000        0xc arch/arm/cpu/armv8/built-in.o
 .text.board_cleanup_before_linux
                0x0000000000000000        0x4 arch/arm/cpu/armv8/built-in.o
 .text.cleanup_before_linux
                0x0000000000000000       0x2c arch/arm/cpu/armv8/built-in.o
 .text.timer_read_counter
                0x0000000000000000        0xc arch/arm/cpu/armv8/built-in.o
 .text.usec2ticks
                0x0000000000000000       0x44 arch/arm/cpu/armv8/built-in.o
 .text.timer_get_boot_us
                0x0000000000000000       0x28 arch/arm/cpu/armv8/built-in.o
 .text.invalidate_dcache_all
                0x0000000000000000        0x4 arch/arm/cpu/armv8/built-in.o
 .text.flush_dcache_all
                0x0000000000000000        0x4 arch/arm/cpu/armv8/built-in.o
 .text.dcache_enable
                0x0000000000000000        0x4 arch/arm/cpu/armv8/built-in.o
 .text.dcache_disable
                0x0000000000000000        0x4 arch/arm/cpu/armv8/built-in.o
 .text.dcache_status
                0x0000000000000000        0x8 arch/arm/cpu/armv8/built-in.o
 .text.mmu_set_region_dcache_behaviour
                0x0000000000000000        0x4 arch/arm/cpu/armv8/built-in.o
 .text.icache_enable
                0x0000000000000000        0x4 arch/arm/cpu/armv8/built-in.o
 .text.icache_disable
                0x0000000000000000        0x4 arch/arm/cpu/armv8/built-in.o
 .text.icache_status
                0x0000000000000000        0x8 arch/arm/cpu/armv8/built-in.o
 .text.invalidate_icache_all
                0x0000000000000000        0x4 arch/arm/cpu/armv8/built-in.o
 .text.enable_caches
                0x0000000000000000        0x4 arch/arm/cpu/armv8/built-in.o
 .text.__asm_dcache_level
                0x0000000000000000       0x64 arch/arm/cpu/armv8/built-in.o
 .text.__asm_dcache_all
                0x0000000000000000       0x60 arch/arm/cpu/armv8/built-in.o
 .text.__asm_flush_dcache_all
                0x0000000000000000        0x8 arch/arm/cpu/armv8/built-in.o
 .text.__asm_invalidate_dcache_all
                0x0000000000000000        0x8 arch/arm/cpu/armv8/built-in.o
 .text.__asm_flush_dcache_range
                0x0000000000000000       0x34 arch/arm/cpu/armv8/built-in.o
 .text.__asm_invalidate_dcache_range
                0x0000000000000000       0x30 arch/arm/cpu/armv8/built-in.o
 .text.__asm_invalidate_icache_all
                0x0000000000000000        0xc arch/arm/cpu/armv8/built-in.o
 .text.__asm_invalidate_l3_dcache
                0x0000000000000000        0x8 arch/arm/cpu/armv8/built-in.o
 .text.__asm_flush_l3_dcache
                0x0000000000000000        0x8 arch/arm/cpu/armv8/built-in.o
 .text.__asm_invalidate_l3_icache
                0x0000000000000000        0x8 arch/arm/cpu/armv8/built-in.o
 .text.__asm_switch_ttbr
                0x0000000000000000       0xe0 arch/arm/cpu/armv8/built-in.o
 .text.__asm_invalidate_tlb_all
                0x0000000000000000       0x4c arch/arm/cpu/armv8/built-in.o
 .text.armv8_switch_to_el2
                0x0000000000000000       0xb8 arch/arm/cpu/armv8/built-in.o
 .text.armv8_switch_to_el1
                0x0000000000000000       0xd0 arch/arm/cpu/armv8/built-in.o
 .text.armv8_el2_to_aarch32
                0x0000000000000000        0x4 arch/arm/cpu/armv8/built-in.o
 .text.smc_call
                0x0000000000000000       0x44 arch/arm/cpu/armv8/built-in.o
 .text.psci_system_reset
                0x0000000000000000       0x20 arch/arm/cpu/armv8/built-in.o
 .text.psci_system_reset2
                0x0000000000000000       0x2c arch/arm/cpu/armv8/built-in.o
 .text.psci_system_off
                0x0000000000000000       0x20 arch/arm/cpu/armv8/built-in.o
 .text.efi_runtime
                0x0000000000000000       0x58 arch/arm/cpu/armv8/built-in.o
 .eh_frame      0x0000000000000000      0x29c arch/arm/cpu/armv8/built-in.o
 .data          0x0000000000000000        0x0 arch/arm/cpu/armv8/built-in.o
 .bss           0x0000000000000000        0x0 arch/arm/cpu/armv8/built-in.o
 .text.setjmp   0x0000000000000000       0x28 arch/arm/lib/built-in.o
 .text.longjmp  0x0000000000000000       0x2c arch/arm/lib/built-in.o
 .text.board_init_f
                0x0000000000000000        0x4 arch/arm/lib/built-in.o
 .text.bootz_setup
                0x0000000000000000       0x88 arch/arm/lib/built-in.o
 .text.arch_fixup_fdt
                0x0000000000000000       0x50 arch/arm/lib/built-in.o
 .text.arch_reserve_stacks
                0x0000000000000000       0x1c arch/arm/lib/built-in.o
 .text.interrupt_init
                0x0000000000000000        0x8 arch/arm/lib/built-in.o
 .text.enable_interrupts
                0x0000000000000000        0x4 arch/arm/lib/built-in.o
 .text.disable_interrupts
                0x0000000000000000        0x8 arch/arm/lib/built-in.o
 .text.do_error
[...]
Memory Configuration

Name             Origin             Length             Attributes
.sram            0x00000000007e1000 0x0000000000025000
.sdram           0x0000000000910000 0x0000000000002000
*default*        0x0000000000000000 0xffffffffffffffff

Linker script and memory map


.text           0x00000000007e1000     0xfb50
                0x00000000007e1000                . = ALIGN (0x8)
 *(.__image_copy_start)
 arch/arm/cpu/armv8/start.o(.text*)
 .text          0x00000000007e1000      0x114 arch/arm/cpu/armv8/start.o
                0x00000000007e1000                _start
                0x00000000007e1008                _TEXT_BASE
                0x00000000007e1010                _end_ofs
                0x00000000007e1018                _bss_start_ofs
                0x00000000007e1020                _bss_end_ofs
                0x00000000007e102c                save_boot_params_ret
                0x00000000007e108c                apply_core_errata
                0x00000000007e10d4                smp_kick_all_cpus
                0x00000000007e10d8                c_runtime_cpu_setup
 *(.text*)
 *fill*         0x00000000007e1114      0x6ec 
 .text          0x00000000007e1800      0x390 arch/arm/cpu/armv8/built-in.o
                0x00000000007e1800                vectors
 .text.get_tbclk
                0x00000000007e1b90        0x8 arch/arm/cpu/armv8/built-in.o
                0x00000000007e1b90                get_tbclk
 .text.get_ticks
                0x00000000007e1b98       0x10 arch/arm/cpu/armv8/built-in.o
                0x00000000007e1b98                get_ticks
 .text          0x00000000007e1ba8       0x78 arch/arm/lib/built-in.o
                0x00000000007e1ba8                _main
 .text.show_regs
                0x00000000007e1c20      0x108 arch/arm/lib/built-in.o
                0x00000000007e1c20                show_regs
 .text.do_bad_sync
                0x00000000007e1d28       0x30 arch/arm/lib/built-in.o
                0x00000000007e1d28                do_bad_sync
 .text.do_bad_irq
                0x00000000007e1d58       0x30 arch/arm/lib/built-in.o
                0x00000000007e1d58                do_bad_irq
 .text.do_bad_fiq
                0x00000000007e1d88       0x30 arch/arm/lib/built-in.o
                0x00000000007e1d88                do_bad_fiq
 .text.do_bad_error
                0x00000000007e1db8       0x30 arch/arm/lib/built-in.o
                0x00000000007e1db8                do_bad_error
 .text.do_sync  0x00000000007e1de8       0x30 arch/arm/lib/built-in.o
                0x00000000007e1de8                do_sync
 .text.do_irq   0x00000000007e1e18       0x30 arch/arm/lib/built-in.o
                0x00000000007e1e18                do_irq
 .text.do_fiq   0x00000000007e1e48       0x30 arch/arm/lib/built-in.o
                0x00000000007e1e48                do_fiq
 .text.invalidate_dcache_range
                0x00000000007e1e78        0x4 arch/arm/lib/built-in.o
                0x00000000007e1e78                invalidate_dcache_range
 .text.flush_dcache_range
                0x00000000007e1e7c        0x4 arch/arm/lib/built-in.o
                0x00000000007e1e7c                flush_dcache_range
 *fill*         0x00000000007e1e80       0x80 
 .text          0x00000000007e1f00      0x298 arch/arm/mach-imx/built-in.o
                0x00000000007e1f00                lowlevel_init
                0x00000000007e2000                rom_pointer
                0x00000000007e2100                save_boot_params
                0x00000000007e214c                restore_boot_params
 .text.imx_iomux_v3_setup_pad
                0x00000000007e2198       0xc4 arch/arm/mach-imx/built-in.o
                0x00000000007e2198                imx_iomux_v3_setup_pad
 .text.imx_iomux_v3_setup_multiple_pads
                0x00000000007e225c       0x44 arch/arm/mach-imx/built-in.o
                0x00000000007e225c                imx_iomux_v3_setup_multiple_pads
 .text.force_idle_bus
                0x00000000007e22a0      0x1dc arch/arm/mach-imx/built-in.o
                0x00000000007e22a0                force_idle_bus
 .text.setup_i2c
                0x00000000007e247c       0xf8 arch/arm/mach-imx/built-in.o
                0x00000000007e247c                setup_i2c
 .text.cpu_mmc_init
                0x00000000007e2574        0x4 arch/arm/mach-imx/built-in.o
                0x00000000007e2574                cpu_mmc_init
 .text.get_boot_device
                0x00000000007e2578       0x94 arch/arm/mach-imx/built-in.o
                0x00000000007e2578                get_boot_device
 .text.imx_sec_init
                0x00000000007e260c        0x4 arch/arm/mach-imx/built-in.o
                0x00000000007e260c                imx_sec_init
 .text.spl_boot_device
                0x00000000007e2610       0x14 arch/arm/mach-imx/built-in.o
                0x00000000007e2610                spl_boot_device
 .text.g_dnl_bind_fixup
                0x00000000007e2624       0x18 arch/arm/mach-imx/built-in.o
                0x00000000007e2624                g_dnl_bind_fixup
 .text.g_dnl_get_board_bcd_device_number
                0x00000000007e263c        0x8 arch/arm/mach-imx/built-in.o
                0x00000000007e263c                g_dnl_get_board_bcd_device_number
 .text.spl_boot_mode
                0x00000000007e2644       0x48 arch/arm/mach-imx/built-in.o
                0x00000000007e2644                spl_boot_mode
 .text.select   0x00000000007e268c       0x34 arch/arm/mach-imx/built-in.o
 .text.get_clk_root_target
                0x00000000007e26c0       0x8c arch/arm/mach-imx/built-in.o
 .text.clock_get_target_val
                0x00000000007e274c       0x68 arch/arm/mach-imx/built-in.o
                0x00000000007e274c                clock_get_target_val
 .text.clock_set_target_val
                0x00000000007e27b4       0x64 arch/arm/mach-imx/built-in.o
                0x00000000007e27b4                clock_set_target_val
 .text.clock_root_enabled
                0x00000000007e2818       0x74 arch/arm/mach-imx/built-in.o
                0x00000000007e2818                clock_root_enabled
 .text.clock_enable
                0x00000000007e288c       0x4c arch/arm/mach-imx/built-in.o
                0x00000000007e288c                clock_enable
 .text.clock_get_prediv
                0x00000000007e28d8       0x84 arch/arm/mach-imx/built-in.o
                0x00000000007e28d8                clock_get_prediv
 .text.clock_get_postdiv
                0x00000000007e295c       0xa4 arch/arm/mach-imx/built-in.o
                0x00000000007e295c                clock_get_postdiv
 .text.clock_get_src
                0x00000000007e2a00       0x70 arch/arm/mach-imx/built-in.o
                0x00000000007e2a00                clock_get_src
 .text.get_cpu_variant_type
                0x00000000007e2a70      0x16c arch/arm/mach-imx/built-in.o
 .text.timer_init
                0x00000000007e2bdc       0x3c arch/arm/mach-imx/built-in.o
                0x00000000007e2bdc                timer_init
 .text.set_wdog_reset
                0x00000000007e2c18       0x18 arch/arm/mach-imx/built-in.o
                0x00000000007e2c18                set_wdog_reset
 .text.get_cpu_rev
                0x00000000007e2c30       0xbc arch/arm/mach-imx/built-in.o
                0x00000000007e2c30                get_cpu_rev
 .text.enable_tzc380
                0x00000000007e2cec      0x174 arch/arm/mach-imx/built-in.o
                0x00000000007e2cec                enable_tzc380
 .text.arch_cpu_init
                0x00000000007e2e60      0x1e4 arch/arm/mach-imx/built-in.o
                0x00000000007e2e60                arch_cpu_init
 .text.reset_cpu
                0x00000000007e3044       0x1c arch/arm/mach-imx/built-in.o
                0x00000000007e3044                reset_cpu
 .text.imx_gpc_set_m_core_pgc
                0x00000000007e3060       0x2c arch/arm/mach-imx/built-in.o
                0x00000000007e3060                imx_gpc_set_m_core_pgc
 .text.imx8m_usb_power_domain
                0x00000000007e308c       0x7c arch/arm/mach-imx/built-in.o
                0x00000000007e308c                imx8m_usb_power_domain
 .text.imx8m_usb_power
                0x00000000007e3108       0x30 arch/arm/mach-imx/built-in.o
                0x00000000007e3108                imx8m_usb_power
 .text.do_error
                0x00000000007e3138       0xc4 arch/arm/mach-imx/built-in.o
                0x00000000007e3138                do_error
 .text.fracpll_configure
                0x00000000007e31fc      0x140 arch/arm/mach-imx/built-in.o
 .text.get_root_src_clk
                0x00000000007e333c      0x2f8 arch/arm/mach-imx/built-in.o
 .text.get_root_clk
                0x00000000007e3634       0x80 arch/arm/mach-imx/built-in.o
 .text.enable_display_clk.part.0
                0x00000000007e36b4       0x68 arch/arm/mach-imx/built-in.o
 .text.enable_i2c_clk
                0x00000000007e371c       0x3c arch/arm/mach-imx/built-in.o
                0x00000000007e371c                enable_i2c_clk
 .text.dram_pll_init
                0x00000000007e3758        0xc arch/arm/mach-imx/built-in.o
                0x00000000007e3758                dram_pll_init
 .text.dram_enable_bypass
                0x00000000007e3764       0xc4 arch/arm/mach-imx/built-in.o
                0x00000000007e3764                dram_enable_bypass
 .text.dram_disable_bypass
                0x00000000007e3828       0x24 arch/arm/mach-imx/built-in.o
                0x00000000007e3828                dram_disable_bypass
 .text.intpll_configure
                0x00000000007e384c      0x1bc arch/arm/mach-imx/built-in.o
                0x00000000007e384c                intpll_configure
 .text.init_uart_clk
                0x00000000007e3a08       0xc8 arch/arm/mach-imx/built-in.o
                0x00000000007e3a08                init_uart_clk
 .text.init_wdog_clk
                0x00000000007e3ad0       0x60 arch/arm/mach-imx/built-in.o
                0x00000000007e3ad0                init_wdog_clk
 .text.init_clk_usdhc
                0x00000000007e3b30       0xac arch/arm/mach-imx/built-in.o
                0x00000000007e3b30                init_clk_usdhc
 .text.clock_init
                0x00000000007e3bdc      0x1d8 arch/arm/mach-imx/built-in.o
                0x00000000007e3bdc                clock_init
 .text.get_arm_core_clk
                0x00000000007e3db4       0x30 arch/arm/mach-imx/built-in.o
                0x00000000007e3db4                get_arm_core_clk
 .text.mxc_get_clock
                0x00000000007e3de4       0xbc arch/arm/mach-imx/built-in.o
                0x00000000007e3de4                mxc_get_clock
 .text.imx_get_uartclk
                0x00000000007e3ea0        0x8 arch/arm/mach-imx/built-in.o
                0x00000000007e3ea0                imx_get_uartclk
 .text.enable_usboh3_clk
                0x00000000007e3ea8       0x5c arch/arm/mach-imx/built-in.o
                0x00000000007e3ea8                enable_usboh3_clk
 .text.adjust_dram_table
                0x00000000007e3f04       0xb0 board/variscite/imx8mm_var_dart/built-in.o
 .text.var_eeprom_read_header
                0x00000000007e3fb4       0x50 board/variscite/imx8mm_var_dart/built-in.o
                0x00000000007e3fb4                var_eeprom_read_header
 .text.var_eeprom_adjust_dram
                0x00000000007e4004      0x140 board/variscite/imx8mm_var_dart/built-in.o
                0x00000000007e4004                var_eeprom_adjust_dram
 .text.get_board_id
                0x00000000007e4144       0x64 board/variscite/imx8mm_var_dart/built-in.o
                0x00000000007e4144                get_board_id
 .text.board_early_init_f
                0x00000000007e41a8       0x74 board/variscite/imx8mm_var_dart/built-in.o
                0x00000000007e41a8                board_early_init_f
 .text.board_usb_init
                0x00000000007e421c       0x1c board/variscite/imx8mm_var_dart/built-in.o
                0x00000000007e421c                board_usb_init
 .text.board_usb_cleanup
                0x00000000007e4238       0x1c board/variscite/imx8mm_var_dart/built-in.o
                0x00000000007e4238                board_usb_cleanup
 .text.spl_board_boot_device
                0x00000000007e4254       0x24 board/variscite/imx8mm_var_dart/built-in.o
                0x00000000007e4254                spl_board_boot_device
 .text.board_mmc_init
                0x00000000007e4278      0x140 board/variscite/imx8mm_var_dart/built-in.o
                0x00000000007e4278                board_mmc_init
 .text.board_mmc_getcd
                0x00000000007e43b8        0x8 board/variscite/imx8mm_var_dart/built-in.o
                0x00000000007e43b8                board_mmc_getcd
 .text.power_init_board
                0x00000000007e43c0       0xc4 board/variscite/imx8mm_var_dart/built-in.o
                0x00000000007e43c0                power_init_board
 .text.spl_board_init
                0x00000000007e4484       0x2c board/variscite/imx8mm_var_dart/built-in.o
                0x00000000007e4484                spl_board_init
 .text.board_fit_config_name_match
                0x00000000007e44b0       0x58 board/variscite/imx8mm_var_dart/built-in.o
                0x00000000007e44b0                board_fit_config_name_match
 .text.board_init_f
                0x00000000007e4508       0xdc board/variscite/imx8mm_var_dart/built-in.o
                0x00000000007e4508                board_init_f
 .text.do_reset
                0x00000000007e45e4       0x28 board/variscite/imx8mm_var_dart/built-in.o
                0x00000000007e45e4                do_reset
 .text.show_boot_progress
                0x00000000007e460c        0x4 common/spl/built-in.o
                0x00000000007e460c                show_boot_progress
 .text.spl_perform_fixups
                0x00000000007e4610        0x4 common/spl/built-in.o
                0x00000000007e4610                spl_perform_fixups
 .text.spl_board_prepare_for_boot
                0x00000000007e4614        0x4 common/spl/built-in.o
                0x00000000007e4614                spl_board_prepare_for_boot
 .text.spl_get_load_buffer
                0x00000000007e4618        0xc common/spl/built-in.o
                0x00000000007e4618                spl_get_load_buffer
 .text.spl_parse_image_header
                0x00000000007e4624        0x8 common/spl/built-in.o
                0x00000000007e4624                spl_parse_image_header
 .text.jump_to_image_no_args
                0x00000000007e462c       0x10 common/spl/built-in.o
                0x00000000007e462c                jump_to_image_no_args
 .text.spl_set_bd
                0x00000000007e463c       0x18 common/spl/built-in.o
                0x00000000007e463c                spl_set_bd
 .text.spl_init
                0x00000000007e4654       0x5c common/spl/built-in.o
                0x00000000007e4654                spl_init
 .text.board_boot_order
                0x00000000007e46b0       0x24 common/spl/built-in.o
                0x00000000007e46b0                board_boot_order
 .text.board_init_r
                0x00000000007e46d4      0x16c common/spl/built-in.o
                0x00000000007e46d4                board_init_r
 .text.preloader_console_init
                0x00000000007e4840       0x30 common/spl/built-in.o
                0x00000000007e4840                preloader_console_init
 .text.spl_relocate_stack_gd
                0x00000000007e4870        0x8 common/spl/built-in.o
                0x00000000007e4870                spl_relocate_stack_gd
 .text.spl_fit_get_image_node
                0x00000000007e4878      0x140 common/spl/built-in.o
 .text.spl_load_fit_image
                0x00000000007e49b8      0x1ac common/spl/built-in.o
 .text.board_spl_fit_size_align
                0x00000000007e4b64        0x4 common/spl/built-in.o
                0x00000000007e4b64                board_spl_fit_size_align
 .text.board_spl_fit_buffer_addr
                0x00000000007e4b68       0x18 common/spl/built-in.o
                0x00000000007e4b68                board_spl_fit_buffer_addr
 .text.spl_load_simple_fit_skip_processing
                0x00000000007e4b80        0x8 common/spl/built-in.o
                0x00000000007e4b80                spl_load_simple_fit_skip_processing
 .text.spl_load_simple_fit
                0x00000000007e4b88      0x274 common/spl/built-in.o
                0x00000000007e4b88                spl_load_simple_fit
 .text.h_spl_load_read
                0x00000000007e4dfc       0x48 common/spl/built-in.o
                0x00000000007e4dfc                h_spl_load_read
 .text.spl_mmc_get_uboot_raw_sector
                0x00000000007e4e44        0x8 common/spl/built-in.o
                0x00000000007e4e44                spl_mmc_get_uboot_raw_sector
 .text.spl_mmc_load
                0x00000000007e4e4c      0x24c common/spl/built-in.o
                0x00000000007e4e4c                spl_mmc_load
 .text.spl_mmc_load_image
                0x00000000007e5098       0x10 common/spl/built-in.o
                0x00000000007e5098                spl_mmc_load_image
 .text.spl_sdp_load_image
                0x00000000007e50a8       0xac common/spl/built-in.o
 .text.board_init_f_alloc_reserve
                0x00000000007e5154       0x10 common/init/built-in.o
                0x00000000007e5154                board_init_f_alloc_reserve
 .text.board_init_f_init_reserve
                0x00000000007e5164       0x30 common/init/built-in.o
                0x00000000007e5164                board_init_f_init_reserve
 .text.fdt_getprop_u32
                0x00000000007e5194       0x38 common/built-in.o
                0x00000000007e5194                fdt_getprop_u32
 .text.fit_find_config_node
                0x00000000007e51cc      0x108 common/built-in.o
                0x00000000007e51cc                fit_find_config_node
 .text.fgetc.part.0
                0x00000000007e52d4       0x40 common/built-in.o
 .text.getc     0x00000000007e5314       0x24 common/built-in.o
                0x00000000007e5314                getc
 .text.putc     0x00000000007e5338       0x38 common/built-in.o
                0x00000000007e5338                putc
 .text.puts     0x00000000007e5370       0x34 common/built-in.o
                0x00000000007e5370                puts
 .text.ftstc    0x00000000007e53a4       0x28 common/built-in.o
                0x00000000007e53a4                ftstc
 .text.tstc     0x00000000007e53cc       0x24 common/built-in.o
                0x00000000007e53cc                tstc
 .text.ctrlc    0x00000000007e53f0       0x54 common/built-in.o
                0x00000000007e53f0                ctrlc
 .text.sbrk     0x00000000007e5444       0x74 common/built-in.o
                0x00000000007e5444                sbrk
 .text.mem_malloc_init
                0x00000000007e54b8       0x28 common/built-in.o
                0x00000000007e54b8                mem_malloc_init
 .text.malloc_trim
                0x00000000007e54e0       0xd8 common/built-in.o
                0x00000000007e54e0                malloc_trim
 .text.free     0x00000000007e55b8      0x21c common/built-in.o
                0x00000000007e55b8                free
 .text.malloc   0x00000000007e57d4      0x62c common/built-in.o
                0x00000000007e57d4                malloc
 .text.calloc   0x00000000007e5e00       0xdc common/built-in.o
                0x00000000007e5e00                calloc
 .text.memalign
                0x00000000007e5edc      0x1b0 common/built-in.o
                0x00000000007e5edc                memalign
 .text.alloc_simple
                0x00000000007e608c       0x58 common/built-in.o
 .text.malloc_simple
                0x00000000007e60e4        0x8 common/built-in.o
                0x00000000007e60e4                malloc_simple
 .text.memalign_simple
                0x00000000007e60ec       0x10 common/built-in.o
                0x00000000007e60ec                memalign_simple
 .text.genimg_get_format
                0x00000000007e60fc       0x40 common/built-in.o
                0x00000000007e60fc                genimg_get_format
 .text.android_image_check_header
                0x00000000007e613c       0x14 common/built-in.o
                0x00000000007e613c                android_image_check_header
 .text.fit_image_get_address
                0x00000000007e6150       0x84 common/built-in.o
 .text.fit_image_get_load
                0x00000000007e61d4       0x10 common/built-in.o
                0x00000000007e61d4                fit_image_get_load
 .text.fit_image_get_data
                0x00000000007e61e4       0x50 common/built-in.o
                0x00000000007e61e4                fit_image_get_data
 .text.fit_image_get_data_offset
                0x00000000007e6234       0x48 common/built-in.o
                0x00000000007e6234                fit_image_get_data_offset
 .text.fit_image_get_data_position
                0x00000000007e627c       0x48 common/built-in.o
                0x00000000007e627c                fit_image_get_data_position
 .text.fit_image_get_data_size
                0x00000000007e62c4       0x48 common/built-in.o
                0x00000000007e62c4                fit_image_get_data_size
 .text.fdt_check_header
                0x00000000007e630c       0x1c lib/built-in.o
                0x00000000007e630c                fdt_check_header
 .text.fdt_offset_ptr
                0x00000000007e6328       0x34 lib/built-in.o
                0x00000000007e6328                fdt_offset_ptr
 .text.fdt_next_tag
                0x00000000007e635c       0xc0 lib/built-in.o
                0x00000000007e635c                fdt_next_tag
 .text.fdt_check_node_offset_
                0x00000000007e641c       0x40 lib/built-in.o
                0x00000000007e641c                fdt_check_node_offset_
 .text.fdt_check_prop_offset_
                0x00000000007e645c       0x40 lib/built-in.o
                0x00000000007e645c                fdt_check_prop_offset_
 .text.fdt_next_node
                0x00000000007e649c       0xb0 lib/built-in.o
                0x00000000007e649c                fdt_next_node
 .text.fdt_first_subnode
                0x00000000007e654c       0x34 lib/built-in.o
                0x00000000007e654c                fdt_first_subnode
 .text.fdt_next_subnode
                0x00000000007e6580       0x50 lib/built-in.o
                0x00000000007e6580                fdt_next_subnode
 .text.fdt_get_property_by_offset_
                0x00000000007e65d0       0x24 lib/built-in.o
 .text.nextprop_
                0x00000000007e65f4       0x64 lib/built-in.o
 .text.fdt_get_string
                0x00000000007e6658       0x40 lib/built-in.o
                0x00000000007e6658                fdt_get_string
 .text.fdt_get_name
                0x00000000007e6698       0x44 lib/built-in.o
                0x00000000007e6698                fdt_get_name
 .text.fdt_subnode_offset_namelen
                0x00000000007e66dc       0xc8 lib/built-in.o
                0x00000000007e66dc                fdt_subnode_offset_namelen
 .text.fdt_subnode_offset
                0x00000000007e67a4       0x44 lib/built-in.o
                0x00000000007e67a4                fdt_subnode_offset
 .text.fdt_first_property_offset
                0x00000000007e67e8       0x38 lib/built-in.o
                0x00000000007e67e8                fdt_first_property_offset
 .text.fdt_next_property_offset
                0x00000000007e6820       0x38 lib/built-in.o
                0x00000000007e6820                fdt_next_property_offset
 .text.fdt_get_property_namelen_
                0x00000000007e6858       0xc8 lib/built-in.o
 .text.fdt_getprop_namelen
                0x00000000007e6920       0x20 lib/built-in.o
                0x00000000007e6920                fdt_getprop_namelen
 .text.fdt_getprop
                0x00000000007e6940       0x4c lib/built-in.o
                0x00000000007e6940                fdt_getprop
 .text.fdt_get_alias_namelen
                0x00000000007e698c       0x64 lib/built-in.o
                0x00000000007e698c                fdt_get_alias_namelen
 .text.fdt_path_offset_namelen
                0x00000000007e69f0       0xf0 lib/built-in.o
                0x00000000007e69f0                fdt_path_offset_namelen
 .text.fdt_path_offset
                0x00000000007e6ae0       0x34 lib/built-in.o
                0x00000000007e6ae0                fdt_path_offset
 .text.hang     0x00000000007e6b14       0x20 lib/built-in.o
                0x00000000007e6b14                hang
 .text.strcmp   0x00000000007e6b34       0x28 lib/built-in.o
                0x00000000007e6b34                strcmp
 .text.strncmp  0x00000000007e6b5c       0x38 lib/built-in.o
                0x00000000007e6b5c                strncmp
 .text.strchr   0x00000000007e6b94       0x28 lib/built-in.o
                0x00000000007e6b94                strchr
 .text.strlen   0x00000000007e6bbc       0x1c lib/built-in.o
                0x00000000007e6bbc                strlen
 .text.strrchr  0x00000000007e6bd8       0x40 lib/built-in.o
                0x00000000007e6bd8                strrchr
 .text.memset   0x00000000007e6c18       0x6c lib/built-in.o
                0x00000000007e6c18                memset
 .text.memcpy   0x00000000007e6c84       0x68 lib/built-in.o
                0x00000000007e6c84                memcpy
 .text.memcmp   0x00000000007e6cec       0x30 lib/built-in.o
                0x00000000007e6cec                memcmp
 .text.memchr   0x00000000007e6d1c       0x30 lib/built-in.o
                0x00000000007e6d1c                memchr
 .text.get_timer
                0x00000000007e6d4c       0x3c lib/built-in.o
                0x00000000007e6d4c                get_timer
 .text.usec_to_tick
                0x00000000007e6d88       0x30 lib/built-in.o
                0x00000000007e6d88                usec_to_tick
 .text.__udelay
                0x00000000007e6db8       0x40 lib/built-in.o
                0x00000000007e6db8                __udelay
 .text.udelay   0x00000000007e6df8       0x44 lib/built-in.o
                0x00000000007e6df8                udelay
 .text.panic_finish
                0x00000000007e6e3c       0x34 lib/built-in.o
 .text.panic    0x00000000007e6e70       0x50 lib/built-in.o
                0x00000000007e6e70                panic
 .text.__assert_fail
                0x00000000007e6ec0       0x18 lib/built-in.o
                0x00000000007e6ec0                __assert_fail
 .text.putc_outstr
                0x00000000007e6ed8       0x14 lib/built-in.o
 .text.putc_normal
                0x00000000007e6eec        0x8 lib/built-in.o
 .text.div_out  0x00000000007e6ef4       0x60 lib/built-in.o
 .text._vprintf
                0x00000000007e6f54      0x470 lib/built-in.o
 .text.vprintf  0x00000000007e73c4       0x44 lib/built-in.o
                0x00000000007e73c4                vprintf
 .text.printf   0x00000000007e7408       0x68 lib/built-in.o
                0x00000000007e7408                printf
 .text.snprintf
                0x00000000007e7470       0x70 lib/built-in.o
                0x00000000007e7470                snprintf
 .text._parse_integer_fixup_radix
                0x00000000007e74e0       0xb4 lib/built-in.o
 .text.simple_strtoul
                0x00000000007e7594       0x9c lib/built-in.o
                0x00000000007e7594                simple_strtoul
 .text.test_block_type
                0x00000000007e7630       0xbc disk/built-in.o
 .text.part_test_dos
                0x00000000007e76ec       0x6c disk/built-in.o
 .text.part_test_efi
                0x00000000007e7758       0xb8 disk/built-in.o
 .text.gpio_set_value
                0x00000000007e7810       0x50 drivers/built-in.o
                0x00000000007e7810                gpio_set_value
 .text.gpio_get_value
                0x00000000007e7860       0x34 drivers/built-in.o
                0x00000000007e7860                gpio_get_value
 .text.gpio_request
                0x00000000007e7894        0xc drivers/built-in.o
                0x00000000007e7894                gpio_request
 .text.gpio_free
                0x00000000007e78a0        0x8 drivers/built-in.o
                0x00000000007e78a0                gpio_free
 .text.gpio_direction_input
                0x00000000007e78a8       0x44 drivers/built-in.o
                0x00000000007e78a8                gpio_direction_input
 .text.gpio_direction_output
                0x00000000007e78ec       0x5c drivers/built-in.o
                0x00000000007e78ec                gpio_direction_output
 .text.i2c_get_adapter
                0x00000000007e7948       0x7c drivers/built-in.o
                0x00000000007e7948                i2c_get_adapter
 .text.i2c_init_bus
                0x00000000007e79c4       0xac drivers/built-in.o
 .text.i2c_set_bus_num
                0x00000000007e7a70       0xd4 drivers/built-in.o
                0x00000000007e7a70                i2c_set_bus_num
 .text.i2c_probe
                0x00000000007e7b44       0x38 drivers/built-in.o
                0x00000000007e7b44                i2c_probe
 .text.i2c_read
                0x00000000007e7b7c       0x68 drivers/built-in.o
                0x00000000007e7b7c                i2c_read
 .text.i2c_write
                0x00000000007e7be4       0x68 drivers/built-in.o
                0x00000000007e7be4                i2c_write
 .text.wait_for_sr_state
                0x00000000007e7c4c      0x134 drivers/built-in.o
 .text.tx_byte  0x00000000007e7d80       0x64 drivers/built-in.o
 .text.bus_i2c_set_bus_speed
                0x00000000007e7de4       0xe4 drivers/built-in.o
 .text.mxc_i2c_set_bus_speed
                0x00000000007e7ec8       0x18 drivers/built-in.o
 .text.i2c_imx_stop
                0x00000000007e7ee0       0x70 drivers/built-in.o
 .text.__i2c_force_reset_slave
                0x00000000007e7f50        0x4 drivers/built-in.o
                0x00000000007e7f50                __i2c_force_reset_slave
                0x00000000007e7f50                i2c_force_reset_slave
 .text.i2c_idle_bus
                0x00000000007e7f54       0x20 drivers/built-in.o
                0x00000000007e7f54                i2c_idle_bus
 .text.i2c_init_transfer
                0x00000000007e7f74      0x254 drivers/built-in.o
 .text.mxc_i2c_probe
                0x00000000007e81c8       0x4c drivers/built-in.o
 .text.mxc_i2c_read
                0x00000000007e8214      0x1fc drivers/built-in.o
 .text.mxc_i2c_write
                0x00000000007e8410       0x8c drivers/built-in.o
 .text.bus_i2c_init
                0x00000000007e849c       0x94 drivers/built-in.o
                0x00000000007e849c                bus_i2c_init
 .text.mxc_i2c_init
                0x00000000007e8530       0x10 drivers/built-in.o
 .text.mmc_set_ios
                0x00000000007e8540       0x20 drivers/built-in.o
 .text.mmc_set_capacity
                0x00000000007e8560       0x84 drivers/built-in.o
 .text.mmc_send_cmd
                0x00000000007e85e4       0x14 drivers/built-in.o
                0x00000000007e85e4                mmc_send_cmd
 .text.mmc_go_idle
                0x00000000007e85f8       0x50 drivers/built-in.o
 .text.mmc_send_op_cond_iter
                0x00000000007e8648       0x74 drivers/built-in.o
 .text.mmc_send_ext_csd
                0x00000000007e86bc       0x40 drivers/built-in.o
 .text.mmc_read_and_compare_ext_csd
                0x00000000007e86fc       0xb0 drivers/built-in.o
 .text.sd_get_capabilities
                0x00000000007e87ac      0x1b0 drivers/built-in.o
 .text.mmc_send_status
                0x00000000007e895c       0x74 drivers/built-in.o
                0x00000000007e895c                mmc_send_status
 .text.__mmc_switch.constprop.0
                0x00000000007e89d0       0xf8 drivers/built-in.o
 .text.mmc_set_card_speed.constprop.0
                0x00000000007e8ac8       0x9c drivers/built-in.o
 .text.mmc_set_blocklen
                0x00000000007e8b64       0x7c drivers/built-in.o
                0x00000000007e8b64                mmc_set_blocklen
 .text.mmc_bread
                0x00000000007e8be0      0x178 drivers/built-in.o
                0x00000000007e8be0                mmc_bread
 .text.mmc_switch
                0x00000000007e8d58        0x4 drivers/built-in.o
                0x00000000007e8d58                mmc_switch
 .text.mmc_startup_v4
                0x00000000007e8d5c      0x244 drivers/built-in.o
 .text.mmc_switch_part
                0x00000000007e8fa0       0x94 drivers/built-in.o
                0x00000000007e8fa0                mmc_switch_part
 .text.mmc_getcd
                0x00000000007e9034       0x4c drivers/built-in.o
                0x00000000007e9034                mmc_getcd
 .text.mmc_set_clock
                0x00000000007e9080       0x30 drivers/built-in.o
                0x00000000007e9080                mmc_set_clock
 .text.board_mmc_power_init
                0x00000000007e90b0        0x4 drivers/built-in.o
                0x00000000007e90b0                board_mmc_power_init
 .text.mmc_get_op_cond
                0x00000000007e90b4      0x270 drivers/built-in.o
                0x00000000007e90b4                mmc_get_op_cond
 .text.mmc_start_init
                0x00000000007e9324       0x78 drivers/built-in.o
                0x00000000007e9324                mmc_start_init
 .text.mmc_init
                0x00000000007e939c      0x8e4 drivers/built-in.o
                0x00000000007e939c                mmc_init
 .text.mmc_initialize
                0x00000000007e9c80       0x50 drivers/built-in.o
                0x00000000007e9c80                mmc_initialize
 .text.mmc_berase
                0x00000000007e9cd0        0x8 drivers/built-in.o
 .text.mmc_bwrite
                0x00000000007e9cd8        0x8 drivers/built-in.o
 .text.find_mmc_device
                0x00000000007e9ce0       0x50 drivers/built-in.o
                0x00000000007e9ce0                find_mmc_device
 .text.mmc_select_hwpartp
                0x00000000007e9d30       0x64 drivers/built-in.o
 .text.mmc_get_dev
                0x00000000007e9d94       0x40 drivers/built-in.o
 .text.mmc_get_next_devnum
                0x00000000007e9dd4       0x14 drivers/built-in.o
                0x00000000007e9dd4                mmc_get_next_devnum
 .text.mmc_get_blk_desc
                0x00000000007e9de8        0x8 drivers/built-in.o
                0x00000000007e9de8                mmc_get_blk_desc
 .text.mmc_do_preinit
                0x00000000007e9df0       0x44 drivers/built-in.o
                0x00000000007e9df0                mmc_do_preinit
 .text.mmc_list_init
                0x00000000007e9e34       0x1c drivers/built-in.o
                0x00000000007e9e34                mmc_list_init
 .text.mmc_list_add
                0x00000000007e9e50       0x20 drivers/built-in.o
                0x00000000007e9e50                mmc_list_add
 .text.mmc_create
                0x00000000007e9e70       0xd8 drivers/built-in.o
                0x00000000007e9e70                mmc_create
 .text.esdhc_init
                0x00000000007e9f48       0xd8 drivers/built-in.o
 .text.esdhc_getcd
                0x00000000007ea020       0x48 drivers/built-in.o
 .text.esdhc_set_ios
                0x00000000007ea068      0x150 drivers/built-in.o
 .text.check_and_invalidate_dcache_range.isra.0
                0x00000000007ea1b8       0x50 drivers/built-in.o
 .text.esdhc_send_cmd
                0x00000000007ea208      0x40c drivers/built-in.o
 .text.fsl_esdhc_initialize
                0x00000000007ea614      0x260 drivers/built-in.o
                0x00000000007ea614                fsl_esdhc_initialize
 .text.fsl_esdhc_mmc_init
                0x00000000007ea874       0x3c drivers/built-in.o
                0x00000000007ea874                fsl_esdhc_mmc_init
 .text.get_current
                0x00000000007ea8b0       0x40 drivers/built-in.o
 .text.serial_init
                0x00000000007ea8f0       0x28 drivers/built-in.o
                0x00000000007ea8f0                serial_init
 .text.serial_setbrg
                0x00000000007ea918       0x1c drivers/built-in.o
                0x00000000007ea918                serial_setbrg
 .text.serial_getc
                0x00000000007ea934       0x1c drivers/built-in.o
                0x00000000007ea934                serial_getc
 .text.serial_tstc
                0x00000000007ea950       0x1c drivers/built-in.o
                0x00000000007ea950                serial_tstc
 .text.serial_putc
                0x00000000007ea96c       0x2c drivers/built-in.o
                0x00000000007ea96c                serial_putc
 .text.serial_puts
                0x00000000007ea998       0x2c drivers/built-in.o
                0x00000000007ea998                serial_puts
 .text.default_serial_puts
                0x00000000007ea9c4       0x3c drivers/built-in.o
                0x00000000007ea9c4                default_serial_puts
 .text.mxc_serial_getc
                0x00000000007eaa00       0x2c drivers/built-in.o
 .text.mxc_serial_putc
                0x00000000007eaa2c       0x4c drivers/built-in.o
 .text.mxc_serial_tstc
                0x00000000007eaa78       0x64 drivers/built-in.o
 .text.mxc_serial_setbrg
                0x00000000007eaadc       0x7c drivers/built-in.o
 .text.mxc_serial_init
                0x00000000007eab58       0x78 drivers/built-in.o
 .text.default_serial_console
                0x00000000007eabd0        0xc drivers/built-in.o
                0x00000000007eabd0                default_serial_console
 .text.do_job   0x00000000007eabdc       0xd0 drivers/built-in.o
 .text.jr_reset
                0x00000000007eacac       0xb0 drivers/built-in.o
 .text.caam_open
                0x00000000007ead5c      0x44c drivers/built-in.o
                0x00000000007ead5c                caam_open
 .text.ddr_load_train_firmware
                0x00000000007eb1a8      0x168 drivers/built-in.o
                0x00000000007eb1a8                ddr_load_train_firmware
 .text.ddrphy_trained_csr_save
                0x00000000007eb310       0x78 drivers/built-in.o
                0x00000000007eb310                ddrphy_trained_csr_save
 .text.dram_config_save
                0x00000000007eb388      0x14c drivers/built-in.o
                0x00000000007eb388                dram_config_save
 .text.wait_ddrphy_training_complete
                0x00000000007eb4d4      0x120 drivers/built-in.o
                0x00000000007eb4d4                wait_ddrphy_training_complete
 .text.ddrphy_init_set_dfi_clk
                0x00000000007eb5f4       0xdc drivers/built-in.o
                0x00000000007eb5f4                ddrphy_init_set_dfi_clk
 .text.ddrphy_init_read_msg_block
                0x00000000007eb6d0        0x4 drivers/built-in.o
                0x00000000007eb6d0                ddrphy_init_read_msg_block
 .text.look_for_max
                0x00000000007eb6d4       0x30 drivers/built-in.o
                0x00000000007eb6d4                look_for_max
 .text.get_trained_CDD
                0x00000000007eb704      0x264 drivers/built-in.o
                0x00000000007eb704                get_trained_CDD
 .text.update_umctl2_rank_space_setting
                0x00000000007eb968      0x554 drivers/built-in.o
                0x00000000007eb968                update_umctl2_rank_space_setting
 .text.ddr_cfg_phy
                0x00000000007ebebc      0x194 drivers/built-in.o
                0x00000000007ebebc                ddr_cfg_phy
 .text.ddr_cfg_umctl2
                0x00000000007ec050       0x28 drivers/built-in.o
                0x00000000007ec050                ddr_cfg_umctl2
 .text.board_dram_ecc_scrub
                0x00000000007ec078        0x4 drivers/built-in.o
                0x00000000007ec078                board_dram_ecc_scrub
 .text.ddr_init
                0x00000000007ec07c      0x39c drivers/built-in.o
                0x00000000007ec07c                ddr_init
 .text.check_reg
                0x00000000007ec418       0x34 drivers/built-in.o
                0x00000000007ec418                check_reg
 .text.pmic_alloc
                0x00000000007ec44c       0x64 drivers/built-in.o
                0x00000000007ec44c                pmic_alloc
 .text.pmic_get
                0x00000000007ec4b0       0x64 drivers/built-in.o
                0x00000000007ec4b0                pmic_get
 .text.pmic_reg_write
                0x00000000007ec514       0xdc drivers/built-in.o
                0x00000000007ec514                pmic_reg_write
 .text.pmic_probe
                0x00000000007ec5f0       0x44 drivers/built-in.o
                0x00000000007ec5f0                pmic_probe
 .text.power_bd71837_init
                0x00000000007ec634       0x70 drivers/built-in.o
                0x00000000007ec634                power_bd71837_init
 .text.usb_ep_autoconfig
                0x00000000007ec6a4      0x22c drivers/built-in.o
                0x00000000007ec6a4                usb_ep_autoconfig
 .text.usb_ep_autoconfig_reset
                0x00000000007ec8d0       0x30 drivers/built-in.o
                0x00000000007ec8d0                usb_ep_autoconfig_reset
 .text.usb_descriptor_fillbuf
                0x00000000007ec900       0x84 drivers/built-in.o
                0x00000000007ec900                usb_descriptor_fillbuf
 .text.usb_gadget_get_string
                0x00000000007ec984      0x194 drivers/built-in.o
                0x00000000007ec984                usb_gadget_get_string
 .text.count_configs
                0x00000000007ecb18       0x84 drivers/built-in.o
 .text.collect_langs
                0x00000000007ecb9c       0x54 drivers/built-in.o
 .text.composite_setup_complete
                0x00000000007ecbf0        0x4 drivers/built-in.o
 .text.count_ext_prop
                0x00000000007ecbf4       0x58 drivers/built-in.o
 .text.len_ext_prop
                0x00000000007ecc4c       0x60 drivers/built-in.o
 .text.composite_suspend
                0x00000000007eccac       0x80 drivers/built-in.o
 .text.composite_resume
                0x00000000007ecd2c       0x7c drivers/built-in.o
 .text.g_dnl_unbind
                0x00000000007ecda8       0x34 drivers/built-in.o
 .text.lookup_string
                0x00000000007ecddc       0x64 drivers/built-in.o
 .text.composite_unbind
                0x00000000007ece40      0x120 drivers/built-in.o
 .text.composite_bind
                0x00000000007ecf60      0x208 drivers/built-in.o
 .text.g_dnl_do_config
                0x00000000007ed168       0x5c drivers/built-in.o
 .text.reset_config.isra.0
                0x00000000007ed1c4       0x5c drivers/built-in.o
 .text.composite_disconnect
                0x00000000007ed220       0x50 drivers/built-in.o
 .text.count_ext_compat
                0x00000000007ed270       0xb0 drivers/built-in.o
 .text.composite_setup
                0x00000000007ed320      0xf90 drivers/built-in.o
 .text.usb_add_function
                0x00000000007ee2b0       0xd8 drivers/built-in.o
                0x00000000007ee2b0                usb_add_function
 .text.usb_interface_id
                0x00000000007ee388       0x2c drivers/built-in.o
                0x00000000007ee388                usb_interface_id
 .text.usb_add_config
                0x00000000007ee3b4      0x124 drivers/built-in.o
                0x00000000007ee3b4                usb_add_config
 .text.usb_string_id
                0x00000000007ee4d8       0x28 drivers/built-in.o
                0x00000000007ee4d8                usb_string_id
 .text.usb_composite_register
                0x00000000007ee500       0x74 drivers/built-in.o
                0x00000000007ee500                usb_composite_register
 .text.g_dnl_bind
                0x00000000007ee574      0x178 drivers/built-in.o
 .text.g_dnl_clear_detach
                0x00000000007ee6ec        0xc drivers/built-in.o
                0x00000000007ee6ec                g_dnl_clear_detach
 .text.g_dnl_register
                0x00000000007ee6f8       0x4c drivers/built-in.o
                0x00000000007ee6f8                g_dnl_register
 .text.board_usb_gadget_port_auto
                0x00000000007ee744        0x8 drivers/built-in.o
                0x00000000007ee744                board_usb_gadget_port_auto
 .text.sdp_get_alt
                0x00000000007ee74c        0x8 drivers/built-in.o
 .text.sdp_tx_complete
                0x00000000007ee754       0x98 drivers/built-in.o
 .text.sdp_load_read
                0x00000000007ee7ec       0x30 drivers/built-in.o
 .text.sdp_rx_data_complete
                0x00000000007ee81c       0xe4 drivers/built-in.o
 .text.sdp_setup
                0x00000000007ee900      0x134 drivers/built-in.o
 .text.sdp_rx_command_complete
                0x00000000007eea34      0x230 drivers/built-in.o
 .text.alloc_ep_req
                0x00000000007eec64       0x74 drivers/built-in.o
 .text.sdp_add  0x00000000007eecd8      0x10c drivers/built-in.o
                0x00000000007eecd8                sdp_add
 .text.sdp_disable
                0x00000000007eede4       0x8c drivers/built-in.o
 .text.sdp_unbind
                0x00000000007eee70       0x28 drivers/built-in.o
 .text.sdp_bind
                0x00000000007eee98       0xac drivers/built-in.o
 .text.sdp_set_alt
                0x00000000007eef44      0x140 drivers/built-in.o
 .text.sdp_init
                0x00000000007ef084       0x64 drivers/built-in.o
                0x00000000007ef084                sdp_init
 .text.spl_sdp_handle
                0x00000000007ef0e8      0x398 drivers/built-in.o
                0x00000000007ef0e8                spl_sdp_handle
 .text.ci_ep_disable
                0x00000000007ef480       0x10 drivers/built-in.o
 .text.ci_ep_dequeue
                0x00000000007ef490       0x8c drivers/built-in.o
 .text.ci_ep_free_request
                0x00000000007ef51c       0x60 drivers/built-in.o
 .text.ci_ep_alloc_request
                0x00000000007ef57c       0x70 drivers/built-in.o
 .text.ci_flush_qh
                0x00000000007ef5ec       0x1c drivers/built-in.o
 .text.stop_activity
                0x00000000007ef608       0xc0 drivers/built-in.o
 .text.ci_flush_qtd
                0x00000000007ef6c8       0x1c drivers/built-in.o
 .text.ci_udc_probe
                0x00000000007ef6e4      0x254 drivers/built-in.o
 .text.ep_enable
                0x00000000007ef938       0x74 drivers/built-in.o
 .text.ci_ep_enable
                0x00000000007ef9ac       0x74 drivers/built-in.o
 .text.ci_ep_submit_next_request
                0x00000000007efa20      0x1cc drivers/built-in.o
 .text.ci_ep_queue
                0x00000000007efbec      0x128 drivers/built-in.o
 .text.ci_init_after_reset
                0x00000000007efd14        0x4 drivers/built-in.o
                0x00000000007efd14                ci_init_after_reset
 .text.udc_irq  0x00000000007efd18      0x4cc drivers/built-in.o
                0x00000000007efd18                udc_irq
 .text.ci_udc_handle_interrupts
                0x00000000007f01e4       0x38 drivers/built-in.o
                0x00000000007f01e4                ci_udc_handle_interrupts
 .text.udc_disconnect
                0x00000000007f021c       0x60 drivers/built-in.o
                0x00000000007f021c                udc_disconnect
 .text.ci_pullup
                0x00000000007f027c       0x90 drivers/built-in.o
 .text.usb_gadget_handle_interrupts
                0x00000000007f030c        0x4 drivers/built-in.o
                0x00000000007f030c                usb_gadget_handle_interrupts
 .text.usb_gadget_register_driver
                0x00000000007f0310       0x80 drivers/built-in.o
                0x00000000007f0310                usb_gadget_register_driver
 .text.ehci_get_port_speed
                0x00000000007f0390        0x8 drivers/built-in.o
 .text.ehci_set_usbmode
                0x00000000007f0398       0x20 drivers/built-in.o
 .text.ehci_get_portsc_register
                0x00000000007f03b8       0x34 drivers/built-in.o
 .text.ehci_powerup_fixup
                0x00000000007f03ec        0x8 drivers/built-in.o
 .text.handshake
                0x00000000007f03f4       0x70 drivers/built-in.o
 .text.ehci_set_controller_priv
                0x00000000007f0464       0xf0 drivers/built-in.o
                0x00000000007f0464                ehci_set_controller_priv
 .text.usb_lowlevel_init
                0x00000000007f0554      0x31c drivers/built-in.o
                0x00000000007f0554                usb_lowlevel_init
 .text.ehci_mx6_powerup_fixup
                0x00000000007f0870       0x5c drivers/built-in.o
 .text.board_usb_phy_mode
                0x00000000007f08cc        0x4 drivers/built-in.o
                0x00000000007f08cc                board_usb_phy_mode
 .text.board_ehci_power
                0x00000000007f08d0        0x8 drivers/built-in.o
                0x00000000007f08d0                board_ehci_power
 .text.ehci_hcd_init
                0x00000000007f08d8      0x114 drivers/built-in.o
                0x00000000007f08d8                ehci_hcd_init
 .text.blk_driver_lookup_type
                0x00000000007f09ec       0x54 drivers/built-in.o
                0x00000000007f09ec                blk_driver_lookup_type
 .text.blk_dselect_hwpart
                0x00000000007f0a40       0x4c drivers/built-in.o
                0x00000000007f0a40                blk_dselect_hwpart
 .text.usb_phy_mode
                0x00000000007f0a8c       0x24 drivers/usb/imx/built-in.o
                0x00000000007f0a8c                usb_phy_mode
 .text.board_ehci_hcd_init
                0x00000000007f0ab0        0x8 drivers/usb/imx/built-in.o
                0x00000000007f0ab0                board_ehci_hcd_init
 .text.ehci_mx6_common_init
                0x00000000007f0ab8       0x98 drivers/usb/imx/built-in.o
                0x00000000007f0ab8                ehci_mx6_common_init

.iplt           0x00000000007f0b50        0x0
 .iplt          0x00000000007f0b50        0x0 arch/arm/cpu/armv8/start.o

.rodata         0x00000000007f0b50     0x178e
                0x00000000007f0b50                . = ALIGN (0x8)
 *(SORT_BY_ALIGNMENT(SORT_BY_NAME(.rodata*)))
 .rodata.ci_ep_init
                0x00000000007f0b50      0x168 drivers/built-in.o
 .rodata.esdhc_ops
                0x00000000007f0cb8       0x30 drivers/built-in.o
 .rodata.gpio_ports
                0x00000000007f0ce8       0x28 drivers/built-in.o
 .rodata.id_pads
                0x00000000007f0d10        0x8 board/variscite/imx8mm_var_dart/built-in.o
 .rodata.imx8mm_dram_bypass_tbl
                0x00000000007f0d18       0x48 arch/arm/mach-imx/built-in.o
 .rodata.mx6_ehci_ops
                0x00000000007f0d60       0x28 drivers/built-in.o
 .rodata.uart1_pads
                0x00000000007f0d88       0x10 board/variscite/imx8mm_var_dart/built-in.o
 .rodata.uart4_pads
                0x00000000007f0d98       0x10 board/variscite/imx8mm_var_dart/built-in.o
 .rodata.usdhc2_pads
                0x00000000007f0da8       0x30 board/variscite/imx8mm_var_dart/built-in.o
 .rodata.usdhc2_pwr_pads_dart
                0x00000000007f0dd8        0x8 board/variscite/imx8mm_var_dart/built-in.o
 .rodata.usdhc2_pwr_pads_som
                0x00000000007f0de0        0x8 board/variscite/imx8mm_var_dart/built-in.o
 .rodata.usdhc3_pads
                0x00000000007f0de8       0x50 board/variscite/imx8mm_var_dart/built-in.o
 .rodata.wdog_pads
                0x00000000007f0e38        0x8 board/variscite/imx8mm_var_dart/built-in.o
 .rodata        0x00000000007f0e40       0x14 common/spl/built-in.o
 .rodata._vprintf
                0x00000000007f0e54       0x12 lib/built-in.o
 *fill*         0x00000000007f0e66        0x2 
 .rodata.composite_setup
                0x00000000007f0e68       0x2a drivers/built-in.o
 *fill*         0x00000000007f0e92        0x2 
 .rodata.ext_csd_bus_width
                0x00000000007f0e94       0x3c drivers/built-in.o
 .rodata.fbase  0x00000000007f0ed0       0x10 drivers/built-in.o
 .rodata.fdt_next_tag
                0x00000000007f0ee0        0x9 lib/built-in.o
 *fill*         0x00000000007f0ee9        0x3 
 .rodata.freqs.8488
                0x00000000007f0eec       0x34 drivers/built-in.o
 .rodata.get_boot_device
                0x00000000007f0f20        0xf arch/arm/mach-imx/built-in.o
 *fill*         0x00000000007f0f2f        0x1 
 .rodata.get_clk_root_target
                0x00000000007f0f30        0x7 arch/arm/mach-imx/built-in.o
 *fill*         0x00000000007f0f37        0x1 
 .rodata.get_cpu_variant_type
                0x00000000007f0f38        0x7 arch/arm/mach-imx/built-in.o
 *fill*         0x00000000007f0f3f        0x1 
 .rodata.get_root_src_clk
                0x00000000007f0f40       0x44 arch/arm/mach-imx/built-in.o
 .rodata.gpc_pu_m_core_offset
                0x00000000007f0f84       0x2c arch/arm/mach-imx/built-in.o
 .rodata.imx8mm_fracpll_tbl
                0x00000000007f0fb0       0xc8 arch/arm/mach-imx/built-in.o
 .rodata.init_uart_clk
                0x00000000007f1078        0x4 arch/arm/mach-imx/built-in.o
 .rodata.intpll_configure
                0x00000000007f107c        0x6 arch/arm/mach-imx/built-in.o
 *fill*         0x00000000007f1082        0x2 
 .rodata.mmc_init
                0x00000000007f1084        0x8 drivers/built-in.o
 .rodata.mmc_modes_by_pref
                0x00000000007f108c       0x20 drivers/built-in.o
 .rodata.mmc_set_capacity
                0x00000000007f10ac        0x8 drivers/built-in.o
 .rodata.mmc_versions.8811
                0x00000000007f10b4       0x24 drivers/built-in.o
 .rodata.mxc_get_clock
                0x00000000007f10d8        0x9 arch/arm/mach-imx/built-in.o
 *fill*         0x00000000007f10e1        0x3 
 .rodata.rng_inst_load_keys
                0x00000000007f10e4       0x10 drivers/built-in.o
 .rodata.rng_inst_sh0_desc
                0x00000000007f10f4        0x8 drivers/built-in.o
 .rodata.rng_inst_sh1_desc
                0x00000000007f10fc       0x10 drivers/built-in.o
 .rodata.sd_modes_by_pref
                0x00000000007f110c       0x10 drivers/built-in.o
 .rodata.spl_sdp_handle
                0x00000000007f111c        0x7 drivers/built-in.o
 *fill*         0x00000000007f1123        0x1 
 .rodata.i2c_clk_div
                0x00000000007f1124       0xc8 drivers/built-in.o
 .rodata.CSWTCH.2
                0x00000000007f11ec        0xb board/variscite/imx8mm_var_dart/built-in.o
 .rodata.__assert_fail.str1.1
                0x00000000007f11f7       0x22 lib/built-in.o
 .rodata.__func__.10884
                0x00000000007f1219        0xc drivers/built-in.o
 .rodata.__func__.11022
                0x00000000007f1225       0x11 drivers/built-in.o
 .rodata.__func__.11179
                0x00000000007f1236       0x11 drivers/built-in.o
 .rodata.__func__.11326
                0x00000000007f1247        0xf drivers/built-in.o
 .rodata.__func__.7120
                0x00000000007f1256       0x15 common/built-in.o
 .rodata.__func__.7716
                0x00000000007f126b        0xf drivers/built-in.o
 .rodata.__func__.7763
                0x00000000007f127a       0x13 drivers/built-in.o
 .rodata.__func__.7785
                0x00000000007f128d        0xb drivers/built-in.o
 .rodata.__func__.8178
                0x00000000007f1298        0xf arch/arm/mach-imx/built-in.o
 .rodata.__func__.9557
                0x00000000007f12a7       0x12 drivers/built-in.o
 .rodata.__func__.9591
                0x00000000007f12b9        0xd drivers/built-in.o
 .rodata.__func__.9636
                0x00000000007f12c6       0x12 drivers/built-in.o
 .rodata._ctype
                0x00000000007f12d8      0x100 lib/built-in.o
                0x00000000007f12d8                _ctype
 .rodata.android_image_check_header.str1.1
                0x00000000007f13d8        0x9 common/built-in.o
 .rodata.bd71837_name
                0x00000000007f13e1        0x8 drivers/built-in.o
 .rodata.board_fit_config_name_match.str1.1
                0x00000000007f13e9       0x34 board/variscite/imx8mm_var_dart/built-in.o
 .rodata.board_init_f.str1.1
                0x00000000007f141d       0x14 board/variscite/imx8mm_var_dart/built-in.o
 .rodata.board_init_r.str1.1
                0x00000000007f1431       0x62 common/spl/built-in.o
 .rodata.board_mmc_init.str1.1
                0x00000000007f1493        0xd board/variscite/imx8mm_var_dart/built-in.o
 .rodata.caam_open.str1.1
                0x00000000007f14a0      0x113 drivers/built-in.o
 .rodata.check_and_invalidate_dcache_range.isra.0.str1.1
                0x00000000007f15b3       0x1f drivers/built-in.o
 .rodata.check_reg.str1.1
                0x00000000007f15d2       0x33 drivers/built-in.o
 .rodata.ci_ep_queue.str1.1
                0x00000000007f1605       0x29 drivers/built-in.o
 .rodata.composite_unbind.str1.1
                0x00000000007f162e       0x10 drivers/built-in.o
 .rodata.count_ext_compat.str1.1
                0x00000000007f163e       0x38 drivers/built-in.o
 .rodata.ddr_load_train_firmware.str1.1
                0x00000000007f1676       0x4d drivers/built-in.o
 .rodata.do_bad_error.str1.1
                0x00000000007f16c3       0x29 arch/arm/lib/built-in.o
 .rodata.do_bad_fiq.str1.1
                0x00000000007f16ec       0x27 arch/arm/lib/built-in.o
 .rodata.do_bad_irq.str1.1
                0x00000000007f1713       0x27 arch/arm/lib/built-in.o
 .rodata.do_bad_sync.str1.1
                0x00000000007f173a       0x48 arch/arm/lib/built-in.o
 .rodata.do_error.str1.1
                0x00000000007f1782       0x21 arch/arm/mach-imx/built-in.o
                                         0x30 (size before relaxing)
 .rodata.do_fiq.str1.1
                0x00000000007f1782       0x29 arch/arm/lib/built-in.o
                                         0x1b (size before relaxing)
 .rodata.do_irq.str1.1
                0x00000000007f1782       0x29 arch/arm/lib/built-in.o
                                         0x1b (size before relaxing)
 .rodata.do_reset.str1.1
                0x00000000007f1782        0xf board/variscite/imx8mm_var_dart/built-in.o
 .rodata.do_sync.str1.1
                0x00000000007f1791       0x29 arch/arm/lib/built-in.o
 .rodata.dram_enable_bypass.str1.1
                0x00000000007f1791       0x1b arch/arm/mach-imx/built-in.o
 .rodata.esdhc_send_cmd.str1.1
                0x00000000007f17ac       0xb8 drivers/built-in.o
 .rodata.fdt_get_alias_namelen.str1.1
                0x00000000007f1864        0x9 lib/built-in.o
 .rodata.find_mmc_device.str1.1
                0x00000000007f186d       0x19 drivers/built-in.o
 .rodata.fit_find_config_node.str1.1
                0x00000000007f1886       0x3c common/built-in.o
                                         0x48 (size before relaxing)
 .rodata.fit_image_get_address.str1.1
                0x00000000007f18c2       0x1d common/built-in.o
 .rodata.fit_image_get_data.str1.1
                0x00000000007f18df        0x5 common/built-in.o
 .rodata.fit_image_get_data_offset.str1.1
                0x00000000007f18e4        0xc common/built-in.o
 .rodata.fit_image_get_data_position.str1.1
                0x00000000007f18f0        0xe common/built-in.o
 .rodata.fit_image_get_data_size.str1.1
                0x00000000007f18fe        0xa common/built-in.o
 .rodata.fit_image_get_load.str1.1
                0x00000000007f1908       0x1d common/built-in.o
                                          0x5 (size before relaxing)
 .rodata.force_idle_bus.str1.1
                0x00000000007f1908       0x53 arch/arm/mach-imx/built-in.o
 .rodata.fracpll_configure.str1.1
                0x00000000007f195b       0x1a arch/arm/mach-imx/built-in.o
 .rodata.fsl_esdhc_initialize.str1.1
                0x00000000007f1975       0x4e drivers/built-in.o
 .rodata.g_dnl_bind.str1.1
                0x00000000007f19c3        0xb drivers/built-in.o
                                         0x12 (size before relaxing)
 .rodata.g_dnl_register.str1.1
                0x00000000007f19ce       0x18 drivers/built-in.o
 .rodata.get_board_id.str1.1
                0x00000000007f19e6        0x9 board/variscite/imx8mm_var_dart/built-in.o
 .rodata.get_current.str1.1
                0x00000000007f19ef       0x15 drivers/built-in.o
 .rodata.get_root_src_clk.str1.1
                0x00000000007f1a04       0x1f arch/arm/mach-imx/built-in.o
 .rodata.hang.str1.1
                0x00000000007f1a23       0x2a lib/built-in.o
 .rodata.i2c_get_adapter.str1.1
                0x00000000007f1a4d       0x2d drivers/built-in.o
 .rodata.i2c_imx_stop.str1.1
                0x00000000007f1a7a       0x18 drivers/built-in.o
 .rodata.i2c_init_transfer.str1.1
                0x00000000007f1a92       0x3f drivers/built-in.o
 .rodata.init_clk_usdhc.str1.1
                0x00000000007f1ad1       0x15 arch/arm/mach-imx/built-in.o
 .rodata.init_uart_clk.str1.1
                0x00000000007f1ae6       0x14 arch/arm/mach-imx/built-in.o
 .rodata.jr_reset.str1.1
                0x00000000007f1afa       0x34 drivers/built-in.o
 .rodata.manufacturer
                0x00000000007f1b2e        0xa drivers/built-in.o
 .rodata.mmc_bread.str1.1
                0x00000000007f1b38       0x47 drivers/built-in.o
 .rodata.mmc_get_op_cond.str1.1
                0x00000000007f1b7f       0x29 drivers/built-in.o
 .rodata.mmc_init.str1.1
                0x00000000007f1ba8       0x5e drivers/built-in.o
 .rodata.mmc_start_init.str1.1
                0x00000000007f1c06       0x16 drivers/built-in.o
 .rodata.multipliers
                0x00000000007f1c1c       0x10 drivers/built-in.o
 .rodata.mxc_get_clock.str1.1
                0x00000000007f1c2c       0x1a arch/arm/mach-imx/built-in.o
 .rodata.pmic_alloc.str1.1
                0x00000000007f1c46       0x29 drivers/built-in.o
 .rodata.pmic_probe.str1.1
                0x00000000007f1c6f       0x14 drivers/built-in.o
 .rodata.pmic_reg_write.str1.1
                0x00000000007f1c83       0x17 drivers/built-in.o
 .rodata.power_bd71837_init.str1.1
                0x00000000007f1c9a       0x1d drivers/built-in.o
 .rodata.power_init_board.str1.1
                0x00000000007f1cb7       0x1a board/variscite/imx8mm_var_dart/built-in.o
 .rodata.preloader_console_init.str1.1
                0x00000000007f1cd1       0x60 common/spl/built-in.o
 .rodata.product
                0x00000000007f1d31       0x14 drivers/built-in.o
 .rodata.sdp_add.str1.1
                0x00000000007f1d45       0x64 drivers/built-in.o
                                          0x4 (size before relaxing)
 .rodata.sdp_init.str1.1
                0x00000000007f1d45       0x32 drivers/built-in.o
 .rodata.sdp_name
                0x00000000007f1d77       0x1b drivers/built-in.o
 .rodata.sdp_rx_command_complete.str1.1
                0x00000000007f1d92       0x64 drivers/built-in.o
 .rodata.sdp_rx_data_complete.str1.1
                0x00000000007f1df6       0x2f drivers/built-in.o
 .rodata.sdp_tx_complete.str1.1
                0x00000000007f1e25       0x1d drivers/built-in.o
 .rodata.setup_i2c.str1.1
                0x00000000007f1e42       0x18 arch/arm/mach-imx/built-in.o
 .rodata.show_regs.str1.1
                0x00000000007f1e5a       0x6c arch/arm/lib/built-in.o
                                         0x6e (size before relaxing)
 .rodata.spl_board_init.str1.1
                0x00000000007f1ec6        0xd board/variscite/imx8mm_var_dart/built-in.o
 .rodata.spl_boot_mode.str1.1
                0x00000000007f1ed3       0x21 arch/arm/mach-imx/built-in.o
 .rodata.spl_fit_get_image_node.str1.1
                0x00000000007f1ef4       0x5a common/spl/built-in.o
 .rodata.spl_load_fit_image.str1.1
                0x00000000007f1f4e       0x22 common/spl/built-in.o
 .rodata.spl_load_simple_fit.str1.1
                0x00000000007f1f70       0x1f common/spl/built-in.o
 .rodata.spl_mmc_load.str1.1
                0x00000000007f1f8f      0x10e common/spl/built-in.o
 .rodata.spl_sdp_handle.str1.1
                0x00000000007f209d       0xc2 drivers/built-in.o
 .rodata.spl_sdp_load_image.str1.1
                0x00000000007f215f       0x3e common/spl/built-in.o
 .rodata.str1.1
                0x00000000007f219d       0x19 common/spl/built-in.o
 .rodata.str1.1
                0x00000000007f21b6       0x1b disk/built-in.o
                                         0x1e (size before relaxing)
 .rodata.str1.1
                0x00000000007f21d1       0x48 drivers/built-in.o
                                         0x54 (size before relaxing)
 .rodata.test_block_type.str1.1
                0x00000000007f2219        0xa disk/built-in.o
 .rodata.udc_irq.str1.1
                0x00000000007f2223       0x2e drivers/built-in.o
 .rodata.usb_composite_register.str1.1
                0x00000000007f2251        0xa drivers/built-in.o
 .rodata.usb_lowlevel_init.str1.1
                0x00000000007f225b       0x26 drivers/built-in.o
 .rodata.wait_ddrphy_training_complete.str1.1
                0x00000000007f2281       0x11 drivers/built-in.o
 .rodata.wait_for_sr_state.str1.1
                0x00000000007f2292       0x4c drivers/built-in.o

.rela.dyn       0x00000000007f22e0        0x0
 .rela.iplt     0x00000000007f22e0        0x0 arch/arm/cpu/armv8/start.o

.data           0x00000000007f22e0     0x60ba
                0x00000000007f22e0                . = ALIGN (0x8)
 *(.data*)
 .data.root_array
                0x00000000007f22e0      0x730 arch/arm/mach-imx/built-in.o
 .data.serror_need_skip
                0x00000000007f2a10        0x1 arch/arm/mach-imx/built-in.o
                0x00000000007f2a10                serror_need_skip
 *fill*         0x00000000007f2a11        0x3 
 .data.board_id.10635
                0x00000000007f2a14        0x4 board/variscite/imx8mm_var_dart/built-in.o
 .data.i2c_pad_info1
                0x00000000007f2a18       0x30 board/variscite/imx8mm_var_dart/built-in.o
 .data.usdhc_cfg
                0x00000000007f2a48       0x80 board/variscite/imx8mm_var_dart/built-in.o
 .data.ddr_ddrc_cfg
                0x00000000007f2ac8      0x668 board/variscite/imx8mm_var_dart/built-in.o
 .data.ddr_ddrphy_cfg
                0x00000000007f3130      0xa08 board/variscite/imx8mm_var_dart/built-in.o
 .data.ddr_dram_fsp_msg
                0x00000000007f3b38       0xa8 board/variscite/imx8mm_var_dart/built-in.o
 .data.ddr_fsp0_2d_cfg
                0x00000000007f3be0      0x1d8 board/variscite/imx8mm_var_dart/built-in.o
 .data.ddr_fsp0_cfg
                0x00000000007f3db8      0x1c0 board/variscite/imx8mm_var_dart/built-in.o
 .data.ddr_fsp1_cfg
                0x00000000007f3f78      0x1c0 board/variscite/imx8mm_var_dart/built-in.o
 .data.ddr_fsp2_cfg
                0x00000000007f4138      0x120 board/variscite/imx8mm_var_dart/built-in.o
 .data.ddr_phy_pie
                0x00000000007f4258     0x18b8 board/variscite/imx8mm_var_dart/built-in.o
 .data.dram_timing_lpddr4
                0x00000000007f5b10       0x68 board/variscite/imx8mm_var_dart/built-in.o
                0x00000000007f5b10                dram_timing_lpddr4
 .data.dram_timing_ddr4
                0x00000000007f5b78       0x68 board/variscite/imx8mm_var_dart/built-in.o
                0x00000000007f5b78                dram_timing_ddr4
 .data          0x00000000007f5be0       0xb8 common/spl/built-in.o
 .data.av_      0x00000000007f5c98      0x810 common/built-in.o
 .data.sbrk_base
                0x00000000007f64a8        0x8 common/built-in.o
 .data.trim_threshold
                0x00000000007f64b0        0x8 common/built-in.o
 .data.mxc_i2c_buses
                0x00000000007f64b8      0x1c0 drivers/built-in.o
 .data.cur_dev_num
                0x00000000007f6678        0x4 drivers/built-in.o
 *fill*         0x00000000007f667c        0x4 
 .data.mxc_base
                0x00000000007f6680        0x8 drivers/built-in.o
                0x00000000007f6680                mxc_base
 .data.mxc_serial_drv
                0x00000000007f6688       0x50 drivers/built-in.o
 .data.one_time_rx_line_always_low_workaround_needed
                0x00000000007f66d8        0x4 drivers/built-in.o
 .data.ddrphy_trained_csr
                0x00000000007f66dc     0x1678 drivers/built-in.o
                0x00000000007f66dc                ddrphy_trained_csr
 .data.ddrphy_trained_csr_num
                0x00000000007f7d54        0x4 drivers/built-in.o
                0x00000000007f7d54                ddrphy_trained_csr_num
 .data.pmic_list
                0x00000000007f7d58       0x10 drivers/built-in.o
 .data.composite_driver
                0x00000000007f7d68       0x48 drivers/built-in.o
 .data.device_desc
                0x00000000007f7db0       0x12 drivers/built-in.o
 *fill*         0x00000000007f7dc2        0x6 
 .data.g_dnl_composite_strings
                0x00000000007f7dc8       0x10 drivers/built-in.o
 .data.g_dnl_driver
                0x00000000007f7dd8       0x48 drivers/built-in.o
 .data.g_dnl_string_defs
                0x00000000007f7e20       0x40 drivers/built-in.o
 .data.g_dnl_string_tab
                0x00000000007f7e60       0x10 drivers/built-in.o
 .data.qw_sign_buf
                0x00000000007f7e70        0x7 drivers/built-in.o
 .data.in_desc  0x00000000007f7e77        0x9 drivers/built-in.o
 .data.in_hs_desc
                0x00000000007f7e80        0x9 drivers/built-in.o
 .data.out_desc
                0x00000000007f7e89        0x9 drivers/built-in.o
 .data.out_hs_desc
                0x00000000007f7e92        0x9 drivers/built-in.o
 *fill*         0x00000000007f7e9b        0x5 
 .data.sdp_generic_strings
                0x00000000007f7ea0       0x10 drivers/built-in.o
 .data.sdp_hid_desc
                0x00000000007f7eb0        0x9 drivers/built-in.o
 .data.sdp_hid_report
                0x00000000007f7eb9       0x4c drivers/built-in.o
 .data.sdp_intf_runtime
                0x00000000007f7f05        0x9 drivers/built-in.o
 *fill*         0x00000000007f7f0e        0x2 
 .data.sdp_runtime_descs
                0x00000000007f7f10       0x28 drivers/built-in.o
 .data.sdp_runtime_hs_descs
                0x00000000007f7f38       0x28 drivers/built-in.o
 .data.strings_sdp_generic
                0x00000000007f7f60       0x20 drivers/built-in.o
 .data.stringtab_sdp_generic
                0x00000000007f7f80       0x10 drivers/built-in.o
 .data.ci_ep_ops
                0x00000000007f7f90       0x50 drivers/built-in.o
 .data.ci_udc_ops
                0x00000000007f7fe0       0x68 drivers/built-in.o
 .data.controller
                0x00000000007f8048      0x310 drivers/built-in.o
 .data.ep0_desc
                0x00000000007f8358        0x9 drivers/built-in.o
 .data.descriptor
                0x00000000007f8361       0x39 drivers/built-in.o

.igot.plt       0x00000000007f83a0        0x0
 .igot.plt      0x00000000007f83a0        0x0 arch/arm/cpu/armv8/start.o

.u_boot_list    0x00000000007f839c      0x20c
                0x00000000007f83a0                . = ALIGN (0x8)
 *fill*         0x00000000007f839c        0x4 
 *(SORT_BY_NAME(.u_boot_list*))
 .u_boot_list_2_blk_driver_1
                0x00000000007f83a0        0x0 drivers/built-in.o
 .u_boot_list_2_blk_driver_2_mmc
                0x00000000007f83a0       0x28 drivers/built-in.o
                0x00000000007f83a0                _u_boot_list_2_blk_driver_2_mmc
 .u_boot_list_2_blk_driver_3
                0x00000000007f83c8        0x0 drivers/built-in.o
 .u_boot_list_2_cmd_1
                0x00000000007f83c8        0x0 common/built-in.o
 .u_boot_list_2_cmd_3
                0x00000000007f83c8        0x0 common/built-in.o
 .u_boot_list_2_fit_loadable_1
                0x00000000007f83c8        0x0 common/built-in.o
 .u_boot_list_2_fit_loadable_3
                0x00000000007f83c8        0x0 common/built-in.o
 .u_boot_list_2_g_dnl_bind_callbacks_1
                0x00000000007f83c8        0x0 drivers/built-in.o
 .u_boot_list_2_g_dnl_bind_callbacks_2___usb_function_name_usb_dnl_sdp
                0x00000000007f83c8       0x10 drivers/built-in.o
                0x00000000007f83c8                _u_boot_list_2_g_dnl_bind_callbacks_2___usb_function_name_usb_dnl_sdp
 .u_boot_list_2_i2c_1
                0x00000000007f83d8        0x0 drivers/built-in.o
 .u_boot_list_2_i2c_2_mxc0
                0x00000000007f83d8       0x48 drivers/built-in.o
                0x00000000007f83d8                _u_boot_list_2_i2c_2_mxc0
 .u_boot_list_2_i2c_2_mxc1
                0x00000000007f8420       0x48 drivers/built-in.o
                0x00000000007f8420                _u_boot_list_2_i2c_2_mxc1
 .u_boot_list_2_i2c_2_mxc2
                0x00000000007f8468       0x48 drivers/built-in.o
                0x00000000007f8468                _u_boot_list_2_i2c_2_mxc2
 .u_boot_list_2_i2c_2_mxc3
                0x00000000007f84b0       0x48 drivers/built-in.o
                0x00000000007f84b0                _u_boot_list_2_i2c_2_mxc3
 .u_boot_list_2_i2c_3
                0x00000000007f84f8        0x0 drivers/built-in.o
 .u_boot_list_2_part_driver_1
                0x00000000007f84f8        0x0 disk/built-in.o
 .u_boot_list_2_part_driver_2_a_efi
                0x00000000007f84f8       0x28 disk/built-in.o
                0x00000000007f84f8                _u_boot_list_2_part_driver_2_a_efi
 .u_boot_list_2_part_driver_2_dos
                0x00000000007f8520       0x28 disk/built-in.o
                0x00000000007f8520                _u_boot_list_2_part_driver_2_dos
 .u_boot_list_2_part_driver_3
                0x00000000007f8548        0x0 disk/built-in.o
 .u_boot_list_2_spl_image_loader_1
                0x00000000007f8548        0x0 common/spl/built-in.o
 .u_boot_list_2_spl_image_loader_2_BOOT_DEVICE_BOARD0spl_sdp_load_image
                0x00000000007f8548       0x18 common/spl/built-in.o
                0x00000000007f8548                _u_boot_list_2_spl_image_loader_2_BOOT_DEVICE_BOARD0spl_sdp_load_image
 .u_boot_list_2_spl_image_loader_2_BOOT_DEVICE_MMC10spl_mmc_load_image
                0x00000000007f8560       0x18 common/spl/built-in.o
                0x00000000007f8560                _u_boot_list_2_spl_image_loader_2_BOOT_DEVICE_MMC10spl_mmc_load_image
 .u_boot_list_2_spl_image_loader_2_BOOT_DEVICE_MMC20spl_mmc_load_image
                0x00000000007f8578       0x18 common/spl/built-in.o
                0x00000000007f8578                _u_boot_list_2_spl_image_loader_2_BOOT_DEVICE_MMC20spl_mmc_load_image
 .u_boot_list_2_spl_image_loader_2_BOOT_DEVICE_MMC2_20spl_mmc_load_image
                0x00000000007f8590       0x18 common/spl/built-in.o
                0x00000000007f8590                _u_boot_list_2_spl_image_loader_2_BOOT_DEVICE_MMC2_20spl_mmc_load_image
 .u_boot_list_2_spl_image_loader_3
                0x00000000007f85a8        0x0 common/spl/built-in.o

.image_copy_end
                0x00000000007f85a8        0x0
                0x00000000007f85a8                . = ALIGN (0x8)
 *(.__image_copy_end)

.end            0x00000000007f85a8        0x0
                0x00000000007f85a8                . = ALIGN (0x8)
 *(.__end)
 .__end         0x00000000007f85a8        0x0 arch/arm/lib/built-in.o
                0x00000000007f85a8                _end
                0x00000000007f85a8                _image_binary_end = .

.bss_start      0x0000000000910000        0x0
                0x0000000000910000                . = ALIGN (0x8)
 *(.__bss_start)
 .__bss_start   0x0000000000910000        0x0 arch/arm/lib/built-in.o
                0x0000000000910000                __bss_start

.bss            0x0000000000910000      0x780
 *(.bss*)
 .bss.eeprom    0x0000000000910000       0x32 board/variscite/imx8mm_var_dart/built-in.o
 *fill*         0x0000000000910032        0x6 
 .bss.mmc.8396  0x0000000000910038        0x8 common/spl/built-in.o
 .bss.ctrlc_disabled
                0x0000000000910040        0x4 common/built-in.o
 .bss.ctrlc_was_pressed
                0x0000000000910044        0x4 common/built-in.o
 .bss.current_mallinfo
                0x0000000000910048       0x28 common/built-in.o
 .bss.max_sbrked_mem
                0x0000000000910070        0x8 common/built-in.o
 .bss.max_total_mem
                0x0000000000910078        0x8 common/built-in.o
 .bss.mem_malloc_brk
                0x0000000000910080        0x8 common/built-in.o
                0x0000000000910080                mem_malloc_brk
 .bss.mem_malloc_end
                0x0000000000910088        0x8 common/built-in.o
                0x0000000000910088                mem_malloc_end
 .bss.mem_malloc_start
                0x0000000000910090        0x8 common/built-in.o
                0x0000000000910090                mem_malloc_start
 .bss.top_pad   0x0000000000910098        0x8 common/built-in.o
 .bss.stdio_devices
                0x00000000009100a0       0x18 common/built-in.o
                0x00000000009100a0                stdio_devices
 .bss.initialized.8913
                0x00000000009100b8        0x4 drivers/built-in.o
 *fill*         0x00000000009100bc        0x4 
 .bss.mmc_devices
                0x00000000009100c0       0x10 drivers/built-in.o
 .bss.serial_current
                0x00000000009100d0        0x8 drivers/built-in.o
 .bss.g_jrdata  0x00000000009100d8      0x220 drivers/built-in.o
 .bss.g_cdd_rr_max
                0x00000000009102f8       0x10 drivers/built-in.o
 .bss.g_cdd_rw_max
                0x0000000000910308       0x10 drivers/built-in.o
 .bss.g_cdd_wr_max
                0x0000000000910318       0x10 drivers/built-in.o
 .bss.g_cdd_ww_max
                0x0000000000910328       0x10 drivers/built-in.o
 .bss.epnum     0x0000000000910338        0x4 drivers/built-in.o
 *fill*         0x000000000091033c        0x4 
 .bss.composite
                0x0000000000910340        0x8 drivers/built-in.o
 .bss.g_dnl_detach_request
                0x0000000000910348        0x1 drivers/built-in.o
 .bss.g_dnl_serial
                0x0000000000910349      0x100 drivers/built-in.o
 *fill*         0x0000000000910449        0x7 
 .bss.sdp_func  0x0000000000910450        0x8 drivers/built-in.o
 *fill*         0x0000000000910458       0x28 
 .bss.ehcic     0x0000000000910480      0x300 drivers/built-in.o
                0x0000000000910780                . = ALIGN (0x8)

.bss_end        0x0000000000910780        0x0
 *(.__bss_end)
 .__bss_end     0x0000000000910780        0x0 arch/arm/lib/built-in.o
                0x0000000000910780                __bss_end

/DISCARD/
 *(.dynsym)
 *(.dynstr*)
 *(.dynamic*)
 *(.plt*)
 *(.interp*)
 *(.gnu*)
Address of section .text set to 0x7e1000
LOAD arch/arm/cpu/armv8/start.o
START GROUP
LOAD arch/arm/cpu/armv8/built-in.o
LOAD arch/arm/cpu/built-in.o
LOAD arch/arm/lib/built-in.o
LOAD arch/arm/mach-imx/built-in.o
LOAD board/variscite/imx8mm_var_dart/built-in.o
LOAD common/spl/built-in.o
LOAD common/init/built-in.o
LOAD common/built-in.o
LOAD cmd/built-in.o
LOAD env/built-in.o
LOAD lib/built-in.o
LOAD disk/built-in.o
LOAD drivers/built-in.o
LOAD drivers/usb/dwc3/built-in.o
LOAD drivers/usb/cdns3/built-in.o
LOAD drivers/usb/imx/built-in.o
LOAD dts/built-in.o
LOAD fs/built-in.o
END GROUP
LOAD /home/gslab/var-fslc-yocto/build_xwayland/tmp/work/imx8mm_var_dart-fslc-linux/u-boot-variscite/1.0-r0/recipe-sysroot/usr/lib/aarch64-fslc-linux/9.3.0/libgcc.a
OUTPUT(u-boot-spl elf64-littleaarch64)
LOAD linker stubs

.debug_line     0x0000000000000000    0x3c562
 .debug_line    0x0000000000000000       0x8e arch/arm/cpu/armv8/start.o
 .debug_line    0x000000000000008e      0xf2d arch/arm/cpu/armv8/built-in.o
 .debug_line    0x0000000000000fbb     0x1299 arch/arm/lib/built-in.o
 .debug_line    0x0000000000002254     0x48e7 arch/arm/mach-imx/built-in.o
 .debug_line    0x0000000000006b3b     0x1504 board/variscite/imx8mm_var_dart/built-in.o
 .debug_line    0x000000000000803f     0x1977 common/spl/built-in.o
 .debug_line    0x00000000000099b6      0x2a6 common/init/built-in.o
 .debug_line    0x0000000000009c5c     0xd730 common/built-in.o
 .debug_line    0x000000000001738c     0xfa50 lib/built-in.o
 .debug_line    0x0000000000026ddc     0x2e39 disk/built-in.o
 .debug_line    0x0000000000029c15    0x125b2 drivers/built-in.o
 .debug_line    0x000000000003c1c7      0x39b drivers/usb/imx/built-in.o

.debug_info     0x0000000000000000    0xe2ba2
 .debug_info    0x0000000000000000       0x2e arch/arm/cpu/armv8/start.o
 .debug_info    0x000000000000002e     0x4a9a arch/arm/cpu/armv8/built-in.o
 .debug_info    0x0000000000004ac8     0x735a arch/arm/lib/built-in.o
 .debug_info    0x000000000000be22    0x15bf4 arch/arm/mach-imx/built-in.o
 .debug_info    0x0000000000021a16     0xab8b board/variscite/imx8mm_var_dart/built-in.o
 .debug_info    0x000000000002c5a1     0x89b5 common/spl/built-in.o
 .debug_info    0x0000000000034f56     0x1215 common/init/built-in.o
 .debug_info    0x000000000003616b    0x2edf2 common/built-in.o
 .debug_info    0x0000000000064f5d    0x2cbfa lib/built-in.o
 .debug_info    0x0000000000091b57     0x8d84 disk/built-in.o
 .debug_info    0x000000000009a8db    0x4671f drivers/built-in.o
 .debug_info    0x00000000000e0ffa     0x1ba8 drivers/usb/imx/built-in.o

.debug_abbrev   0x0000000000000000    0x1dda5
 .debug_abbrev  0x0000000000000000       0x14 arch/arm/cpu/armv8/start.o
 .debug_abbrev  0x0000000000000014      0xd0f arch/arm/cpu/armv8/built-in.o
 .debug_abbrev  0x0000000000000d23     0x12c1 arch/arm/lib/built-in.o
 .debug_abbrev  0x0000000000001fe4     0x2b20 arch/arm/mach-imx/built-in.o
 .debug_abbrev  0x0000000000004b04     0x1052 board/variscite/imx8mm_var_dart/built-in.o
 .debug_abbrev  0x0000000000005b56     0x15f8 common/spl/built-in.o
 .debug_abbrev  0x000000000000714e      0x34c common/init/built-in.o
 .debug_abbrev  0x000000000000749a     0x56ab common/built-in.o
 .debug_abbrev  0x000000000000cb45     0x74e6 lib/built-in.o
 .debug_abbrev  0x000000000001402b     0x1210 disk/built-in.o
 .debug_abbrev  0x000000000001523b     0x87f0 drivers/built-in.o
 .debug_abbrev  0x000000000001da2b      0x37a drivers/usb/imx/built-in.o

.debug_aranges  0x0000000000000000     0x5800
 .debug_aranges
                0x0000000000000000       0x30 arch/arm/cpu/armv8/start.o
 .debug_aranges
                0x0000000000000030      0x350 arch/arm/cpu/armv8/built-in.o
 .debug_aranges
                0x0000000000000380      0x2c0 arch/arm/lib/built-in.o
 .debug_aranges
                0x0000000000000640      0x7b0 arch/arm/mach-imx/built-in.o
 .debug_aranges
                0x0000000000000df0      0x220 board/variscite/imx8mm_var_dart/built-in.o
 .debug_aranges
                0x0000000000001010      0x260 common/spl/built-in.o
 .debug_aranges
                0x0000000000001270       0x70 common/init/built-in.o
 .debug_aranges
                0x00000000000012e0     0x1390 common/built-in.o
 .debug_aranges
                0x0000000000002670     0x1900 lib/built-in.o
 .debug_aranges
                0x0000000000003f70      0x2d0 disk/built-in.o
 .debug_aranges
                0x0000000000004240     0x1570 drivers/built-in.o
 .debug_aranges
                0x00000000000057b0       0x50 drivers/usb/imx/built-in.o

.debug_str      0x0000000000000000    0x1732c
 .debug_str     0x0000000000000000       0xad arch/arm/cpu/armv8/start.o
 .debug_str     0x00000000000000ad     0x13fd arch/arm/cpu/armv8/built-in.o
                                       0x4a9a (size before relaxing)
 .debug_str     0x00000000000014aa      0x3f7 arch/arm/lib/built-in.o
                                       0x6ffe (size before relaxing)
 .debug_str     0x00000000000018a1     0x3ad6 arch/arm/mach-imx/built-in.o
                                      0x11f1e (size before relaxing)
 .debug_str     0x0000000000005377     0x569b board/variscite/imx8mm_var_dart/built-in.o
                                       0xee1e (size before relaxing)
 .debug_str     0x000000000000aa12     0x1796 common/spl/built-in.o
                                       0x7369 (size before relaxing)
 .debug_str     0x000000000000c1a8       0xa3 common/init/built-in.o
                                       0x131c (size before relaxing)
 .debug_str     0x000000000000c24b     0x3a53 common/built-in.o
                                      0x1c69c (size before relaxing)
 .debug_str     0x000000000000fc9e     0x2a84 lib/built-in.o
                                      0x1ae26 (size before relaxing)
 .debug_str     0x0000000000012722      0x9c8 disk/built-in.o
                                       0x41ef (size before relaxing)
 .debug_str     0x00000000000130ea     0x4190 drivers/built-in.o
                                      0x28eb0 (size before relaxing)
 .debug_str     0x000000000001727a       0xb2 drivers/usb/imx/built-in.o
                                       0x16c3 (size before relaxing)

.comment        0x0000000000000000       0x11
 .comment       0x0000000000000000       0x11 arch/arm/cpu/armv8/built-in.o
                                         0x5a (size before relaxing)
 .comment       0x0000000000000011       0x90 arch/arm/lib/built-in.o
 .comment       0x0000000000000011       0xd8 arch/arm/mach-imx/built-in.o
 .comment       0x0000000000000011       0x5a board/variscite/imx8mm_var_dart/built-in.o
 .comment       0x0000000000000011       0x48 common/spl/built-in.o
 .comment       0x0000000000000011       0x12 common/init/built-in.o
 .comment       0x0000000000000011      0x144 common/built-in.o
 .comment       0x0000000000000011      0x2ac lib/built-in.o
 .comment       0x0000000000000011       0x36 disk/built-in.o
 .comment       0x0000000000000011      0x20a drivers/built-in.o
 .comment       0x0000000000000011       0x12 drivers/usb/imx/built-in.o

.note.GNU-stack
                0x0000000000000000        0x0
 .note.GNU-stack
                0x0000000000000000        0x0 arch/arm/cpu/armv8/built-in.o
 .note.GNU-stack
                0x0000000000000000        0x0 arch/arm/lib/built-in.o
 .note.GNU-stack
                0x0000000000000000        0x0 arch/arm/mach-imx/built-in.o
 .note.GNU-stack
                0x0000000000000000        0x0 board/variscite/imx8mm_var_dart/built-in.o
 .note.GNU-stack
                0x0000000000000000        0x0 common/spl/built-in.o
 .note.GNU-stack
                0x0000000000000000        0x0 common/init/built-in.o
 .note.GNU-stack
                0x0000000000000000        0x0 common/built-in.o
 .note.GNU-stack
                0x0000000000000000        0x0 lib/built-in.o
 .note.GNU-stack
                0x0000000000000000        0x0 disk/built-in.o
 .note.GNU-stack
                0x0000000000000000        0x0 drivers/built-in.o
 .note.GNU-stack
                0x0000000000000000        0x0 drivers/usb/imx/built-in.o

.debug_loc      0x0000000000000000    0x976d2
 .debug_loc     0x0000000000000000      0x2c5 arch/arm/cpu/armv8/built-in.o
 .debug_loc     0x00000000000002c5      0x90f arch/arm/lib/built-in.o
 .debug_loc     0x0000000000000bd4     0x7632 arch/arm/mach-imx/built-in.o
 .debug_loc     0x0000000000008206     0x12ef board/variscite/imx8mm_var_dart/built-in.o
 .debug_loc     0x00000000000094f5     0x2f9d common/spl/built-in.o
 .debug_loc     0x000000000000c492      0x1a5 common/init/built-in.o
 .debug_loc     0x000000000000c637    0x24ee6 common/built-in.o
 .debug_loc     0x000000000003151d    0x34429 lib/built-in.o
 .debug_loc     0x0000000000065946     0x76ca disk/built-in.o
 .debug_loc     0x000000000006d010    0x2a332 drivers/built-in.o
 .debug_loc     0x0000000000097342      0x390 drivers/usb/imx/built-in.o

.debug_ranges   0x0000000000000000    0x13210
 .debug_ranges  0x0000000000000000      0x260 arch/arm/cpu/armv8/built-in.o
 .debug_ranges  0x0000000000000260      0x230 arch/arm/lib/built-in.o
 .debug_ranges  0x0000000000000490      0xd30 arch/arm/mach-imx/built-in.o
 .debug_ranges  0x00000000000011c0      0x350 board/variscite/imx8mm_var_dart/built-in.o
 .debug_ranges  0x0000000000001510      0x830 common/spl/built-in.o
 .debug_ranges  0x0000000000001d40       0x90 common/init/built-in.o
 .debug_ranges  0x0000000000001dd0     0x36d0 common/built-in.o
 .debug_ranges  0x00000000000054a0     0x3df0 lib/built-in.o
 .debug_ranges  0x0000000000009290     0x1480 disk/built-in.o
 .debug_ranges  0x000000000000a710     0x8ac0 drivers/built-in.o
 .debug_ranges  0x00000000000131d0       0x40 drivers/usb/imx/built-in.o
