
Discarded input sections

 .data          0x0000000000000000        0x0 arch/arm/cpu/armv8/start.o
 .bss           0x0000000000000000        0x0 arch/arm/cpu/armv8/start.o
 .text.sdelay   0x0000000000000000        0xc arch/arm/cpu/armv8/built-in.o
 .text.timer_read_counter
                0x0000000000000000        0xc arch/arm/cpu/armv8/built-in.o
 .text.usec2ticks
                0x0000000000000000       0x44 arch/arm/cpu/armv8/built-in.o
 .text.timer_get_boot_us
                0x0000000000000000       0x28 arch/arm/cpu/armv8/built-in.o
 .text.set_one_region
                0x0000000000000000       0xd8 arch/arm/cpu/armv8/built-in.o
 .text.arch_get_page_table
                0x0000000000000000       0x20 arch/arm/cpu/armv8/built-in.o
 .text.mmu_set_region_dcache_behaviour
                0x0000000000000000       0xa8 arch/arm/cpu/armv8/built-in.o
 .text.mmu_change_region_attr
                0x0000000000000000       0xe8 arch/arm/cpu/armv8/built-in.o
 .text.enable_caches
                0x0000000000000000       0x14 arch/arm/cpu/armv8/built-in.o
 .text.__asm_switch_ttbr
                0x0000000000000000       0xe0 arch/arm/cpu/armv8/built-in.o
 .text.armv8_switch_to_el1
                0x0000000000000000       0xd0 arch/arm/cpu/armv8/built-in.o
 .text.psci_system_reset
                0x0000000000000000       0x20 arch/arm/cpu/armv8/built-in.o
 .text.psci_system_reset2
                0x0000000000000000       0x2c arch/arm/cpu/armv8/built-in.o
 .text.psci_system_off
                0x0000000000000000       0x20 arch/arm/cpu/armv8/built-in.o
 .rodata.set_one_region.str1.1
                0x0000000000000000       0x2e arch/arm/cpu/armv8/built-in.o
 .rodata.arch_get_page_table.str1.1
                0x0000000000000000       0x1e arch/arm/cpu/armv8/built-in.o
 .rodata.mmu_set_region_dcache_behaviour.str1.1
                0x0000000000000000       0x20 arch/arm/cpu/armv8/built-in.o
 .eh_frame      0x0000000000000000      0x56c arch/arm/cpu/armv8/built-in.o
 .data          0x0000000000000000        0x0 arch/arm/cpu/armv8/built-in.o
 .bss           0x0000000000000000        0x0 arch/arm/cpu/armv8/built-in.o
 .text.board_quiesce_devices
                0x0000000000000000        0x4 arch/arm/lib/built-in.o
 .text.armv7_boot_nonsec_default
                0x0000000000000000        0x8 arch/arm/lib/built-in.o
 .text.enable_caches
                0x0000000000000000        0xc arch/arm/lib/built-in.o
 .text.invalidate_dcache_range
                0x0000000000000000        0x4 arch/arm/lib/built-in.o
 .text.flush_dcache_range
                0x0000000000000000        0x4 arch/arm/lib/built-in.o
 .text.flush_dcache_all
                0x0000000000000000        0xc arch/arm/lib/built-in.o
 .text.check_cache_range
                0x0000000000000000       0x3c arch/arm/lib/built-in.o
 .text.fdt_psci
                0x0000000000000000        0x8 arch/arm/lib/built-in.o
 .rodata.enable_caches.str1.1
                0x0000000000000000       0x1d arch/arm/lib/built-in.o
 .rodata.check_cache_range.str1.1
                0x0000000000000000       0x35 arch/arm/lib/built-in.o
 .eh_frame      0x0000000000000000      0x438 arch/arm/lib/built-in.o
 .data          0x0000000000000000        0x0 arch/arm/lib/built-in.o
 .__efi_runtime_rel_start
                0x0000000000000000        0x0 arch/arm/lib/built-in.o
 .__efi_runtime_rel_stop
                0x0000000000000000        0x0 arch/arm/lib/built-in.o
 .__efi_runtime_start
                0x0000000000000000        0x0 arch/arm/lib/built-in.o
 .__efi_runtime_stop
                0x0000000000000000        0x0 arch/arm/lib/built-in.o
 .__end         0x0000000000000000        0x0 arch/arm/lib/built-in.o
 .__secure_end  0x0000000000000000        0x0 arch/arm/lib/built-in.o
 .__secure_stack_end
                0x0000000000000000        0x0 arch/arm/lib/built-in.o
 .__secure_stack_start
                0x0000000000000000        0x0 arch/arm/lib/built-in.o
 .__secure_start
                0x0000000000000000        0x0 arch/arm/lib/built-in.o
 .bss           0x0000000000000000        0x0 arch/arm/lib/built-in.o
 .text.imx_iomux_set_gpr_register
                0x0000000000000000       0x4c arch/arm/mach-imx/built-in.o
 .text.force_idle_bus
                0x0000000000000000      0x1dc arch/arm/mach-imx/built-in.o
 .text.setup_i2c
                0x0000000000000000       0xc8 arch/arm/mach-imx/built-in.o
 .text.cpu_eth_init
                0x0000000000000000        0x4 arch/arm/mach-imx/built-in.o
 .text.cpu_mmc_init
                0x0000000000000000        0x4 arch/arm/mach-imx/built-in.o
 .text.mxs_wait_mask_set
                0x0000000000000000       0x58 arch/arm/mach-imx/built-in.o
 .text.mxs_wait_mask_clr
                0x0000000000000000       0x58 arch/arm/mach-imx/built-in.o
 .text.mxs_reset_block
                0x0000000000000000       0xbc arch/arm/mach-imx/built-in.o
 .text.configure_tzc380
                0x0000000000000000        0x4 arch/arm/mach-imx/built-in.o
[...]
Memory Configuration

Name             Origin             Length             Attributes
*default*        0x0000000000000000 0xffffffffffffffff

Linker script and memory map

Address of section .text set to 0x40200000
                0x0000000000000000                . = 0x0
                0x0000000000000000                . = ALIGN (0x8)

.text           0x0000000040200000      0x114
 *(.__image_copy_start)
 .__image_copy_start
                0x0000000040200000        0x0 arch/arm/lib/built-in.o
                0x0000000040200000                __image_copy_start
 arch/arm/cpu/armv8/start.o(.text*)
 .text          0x0000000040200000      0x114 arch/arm/cpu/armv8/start.o
                0x0000000040200000                _start
                0x0000000040200008                _TEXT_BASE
                0x0000000040200010                _end_ofs
                0x0000000040200018                _bss_start_ofs
                0x0000000040200020                _bss_end_ofs
                0x000000004020002c                save_boot_params_ret
                0x000000004020008c                apply_core_errata
                0x00000000402000d4                smp_kick_all_cpus
                0x00000000402000d8                c_runtime_cpu_setup

.efi_runtime    0x0000000040200118      0xa58
                0x0000000040200118                __efi_runtime_start = .
 *(.text.efi_runtime*)
 .text.efi_runtime
                0x0000000040200118       0x58 arch/arm/cpu/armv8/built-in.o
                0x0000000040200118                __arm_smccc_smc
                0x0000000040200144                __arm_smccc_hvc
 .text.efi_runtime
                0x0000000040200170       0xd4 drivers/built-in.o
                0x0000000040200170                invoke_psci_fn
                0x00000000402001ec                efi_reset_system
 .text.efi_runtime
                0x0000000040200244      0x228 lib/built-in.o
                0x0000000040200248                efi_get_time
                0x0000000040200250                efi_set_time
                0x0000000040200270                efi_update_capsule
                0x0000000040200278                efi_query_capsule_caps
                0x0000000040200328                efi_update_table_header_crc32
                0x0000000040200374                efi_query_variable_info
                0x000000004020037c                crc32_no_comp
                0x0000000040200450                crc32
 .text.efi_runtime_detach
                0x000000004020046c       0x34 lib/built-in.o
                0x000000004020046c                efi_runtime_detach
 .text.efi_runtime_relocate
                0x00000000402004a0      0x128 lib/built-in.o
                0x00000000402004a0                efi_runtime_relocate
 *(.rodata.efi_runtime*)
 .rodata.efi_runtime_relocate.str1.1
                0x00000000402005c8       0x4e lib/built-in.o
 *(.data.efi_runtime*)
 *fill*         0x0000000040200616        0x2 
 .data.efi_runtime
                0x0000000040200618        0x4 drivers/built-in.o
                0x0000000040200618                psci_method
 *fill*         0x000000004020061c        0x4 
 .data.efi_runtime
                0x0000000040200620      0x540 lib/built-in.o
                0x0000000040200620                efi_events
                0x0000000040200630                systab
                0x00000000402006d8                efi_runtime_services
 .data.efi_runtime_mmio
                0x0000000040200b60       0x10 lib/built-in.o
                0x0000000040200b60                efi_runtime_mmio
                0x0000000040200b70                __efi_runtime_stop = .

.text_rest      0x0000000040201000    0x74a04
 *(.text*)
 .text          0x0000000040201000      0x390 arch/arm/cpu/armv8/built-in.o
                0x0000000040201000                vectors
 .text.board_cleanup_before_linux
                0x0000000040201390        0x4 arch/arm/cpu/armv8/built-in.o
                0x0000000040201390                board_cleanup_before_linux
 .text.cleanup_before_linux
                0x0000000040201394       0x2c arch/arm/cpu/armv8/built-in.o
                0x0000000040201394                cleanup_before_linux
 .text.get_tbclk
                0x00000000402013c0        0x8 arch/arm/cpu/armv8/built-in.o
                0x00000000402013c0                get_tbclk
 .text.get_ticks
                0x00000000402013c8       0x10 arch/arm/cpu/armv8/built-in.o
                0x00000000402013c8                get_ticks
 .text.count_required_pts
                0x00000000402013d8       0xf8 arch/arm/cpu/armv8/built-in.o
 .text.create_table
                0x00000000402014d0       0x70 arch/arm/cpu/armv8/built-in.o
 .text.split_block
                0x0000000040201540       0x90 arch/arm/cpu/armv8/built-in.o
 .text.get_tcr  0x00000000402015d0       0xe4 arch/arm/cpu/armv8/built-in.o
                0x00000000402015d0                get_tcr
 .text.find_pte
                0x00000000402016b4       0x8c arch/arm/cpu/armv8/built-in.o
 .text.get_page_table_size
                0x0000000040201740       0x48 arch/arm/cpu/armv8/built-in.o
                0x0000000040201740                get_page_table_size
 .text.setup_pgtables
                0x0000000040201788      0x16c arch/arm/cpu/armv8/built-in.o
                0x0000000040201788                setup_pgtables
 .text.mmu_setup
                0x00000000402018f4      0x13c arch/arm/cpu/armv8/built-in.o
                0x00000000402018f4                mmu_setup
 .text.invalidate_dcache_all
                0x0000000040201a30       0x14 arch/arm/cpu/armv8/built-in.o
                0x0000000040201a30                invalidate_dcache_all
 .text.flush_dcache_all
                0x0000000040201a44       0x14 arch/arm/cpu/armv8/built-in.o
                0x0000000040201a44                flush_dcache_all
 .text.invalidate_dcache_range
                0x0000000040201a58        0x4 arch/arm/cpu/armv8/built-in.o
                0x0000000040201a58                invalidate_dcache_range
 .text.flush_dcache_range
                0x0000000040201a5c        0x4 arch/arm/cpu/armv8/built-in.o
                0x0000000040201a5c                flush_dcache_range
 .text.dcache_enable
                0x0000000040201a60      0x110 arch/arm/cpu/armv8/built-in.o
                0x0000000040201a60                dcache_enable
 .text.dcache_disable
                0x0000000040201b70       0x84 arch/arm/cpu/armv8/built-in.o
                0x0000000040201b70                dcache_disable
 .text.dcache_status
                0x0000000040201bf4       0x34 arch/arm/cpu/armv8/built-in.o
                0x0000000040201bf4                dcache_status
 .text.icache_disable
                0x0000000040201c28       0x64 arch/arm/cpu/armv8/built-in.o
                0x0000000040201c28                icache_disable
 .text.icache_status
                0x0000000040201c8c       0x34 arch/arm/cpu/armv8/built-in.o
                0x0000000040201c8c                icache_status
 .text.invalidate_icache_all
                0x0000000040201cc0       0x14 arch/arm/cpu/armv8/built-in.o
                0x0000000040201cc0                invalidate_icache_all
 .text.icache_enable
                0x0000000040201cd4       0x74 arch/arm/cpu/armv8/built-in.o
                0x0000000040201cd4                icache_enable
 .text.entry_non_secure
                0x0000000040201d48       0x28 arch/arm/cpu/armv8/built-in.o
 .text.switch_to_non_secure_mode
                0x0000000040201d70       0x54 arch/arm/cpu/armv8/built-in.o
                0x0000000040201d70                switch_to_non_secure_mode
 .text.__asm_dcache_level
                0x0000000040201dc4       0x64 arch/arm/cpu/armv8/built-in.o
                0x0000000040201dc4                __asm_dcache_level
 .text.__asm_dcache_all
                0x0000000040201e28       0x60 arch/arm/cpu/armv8/built-in.o
                0x0000000040201e28                __asm_dcache_all
 .text.__asm_flush_dcache_all
                0x0000000040201e88        0x8 arch/arm/cpu/armv8/built-in.o
                0x0000000040201e88                __asm_flush_dcache_all
 .text.__asm_invalidate_dcache_all
                0x0000000040201e90        0x8 arch/arm/cpu/armv8/built-in.o
                0x0000000040201e90                __asm_invalidate_dcache_all
 .text.__asm_flush_dcache_range
                0x0000000040201e98       0x34 arch/arm/cpu/armv8/built-in.o
                0x0000000040201e98                __asm_flush_dcache_range
 .text.__asm_invalidate_dcache_range
                0x0000000040201ecc       0x30 arch/arm/cpu/armv8/built-in.o
                0x0000000040201ecc                __asm_invalidate_dcache_range
 .text.__asm_invalidate_icache_all
                0x0000000040201efc        0xc arch/arm/cpu/armv8/built-in.o
                0x0000000040201efc                __asm_invalidate_icache_all
 .text.__asm_invalidate_l3_dcache
                0x0000000040201f08        0x8 arch/arm/cpu/armv8/built-in.o
                0x0000000040201f08                __asm_invalidate_l3_dcache
 .text.__asm_flush_l3_dcache
                0x0000000040201f10        0x8 arch/arm/cpu/armv8/built-in.o
                0x0000000040201f10                __asm_flush_l3_dcache
 .text.__asm_invalidate_l3_icache
                0x0000000040201f18        0x8 arch/arm/cpu/armv8/built-in.o
                0x0000000040201f18                __asm_invalidate_l3_icache
 .text.__asm_invalidate_tlb_all
                0x0000000040201f20       0x4c arch/arm/cpu/armv8/built-in.o
                0x0000000040201f20                __asm_invalidate_tlb_all
 *fill*         0x0000000040201f6c        0x4 
 .text.armv8_switch_to_el2
                0x0000000040201f70       0xb8 arch/arm/cpu/armv8/built-in.o
                0x0000000040201f70                armv8_switch_to_el2
 .text.armv8_el2_to_aarch32
                0x0000000040202028        0x4 arch/arm/cpu/armv8/built-in.o
                0x0000000040202028                armv8_el2_to_aarch32
 .text.smc_call
                0x000000004020202c       0x44 arch/arm/cpu/armv8/built-in.o
                0x000000004020202c                smc_call
 .text          0x0000000040202070      0x158 arch/arm/lib/built-in.o
                0x0000000040202070                _main
                0x00000000402020f0                relocate_code
 .text.setjmp   0x00000000402021c8       0x28 arch/arm/lib/built-in.o
                0x00000000402021c8                setjmp
 .text.longjmp  0x00000000402021f0       0x2c arch/arm/lib/built-in.o
                0x00000000402021f0                longjmp
 .text.arch_fixup_fdt
                0x000000004020221c       0x50 arch/arm/lib/built-in.o
                0x000000004020221c                arch_fixup_fdt
 .text.arch_lmb_reserve
                0x000000004020226c       0x84 arch/arm/lib/built-in.o
                0x000000004020226c                arch_lmb_reserve
 .text.setup_board_tags
                0x00000000402022f0        0x4 arch/arm/lib/built-in.o
                0x00000000402022f0                setup_board_tags
 .text.board_prep_linux
                0x00000000402022f4        0x4 arch/arm/lib/built-in.o
                0x00000000402022f4                board_prep_linux
 .text.boot_prep_linux
                0x00000000402022f8      0x100 arch/arm/lib/built-in.o
 .text.update_os_arch_secondary_cores
                0x00000000402023f8        0x4 arch/arm/lib/built-in.o
                0x00000000402023f8                update_os_arch_secondary_cores
 .text.boot_jump_linux
                0x00000000402023fc       0xc0 arch/arm/lib/built-in.o
 .text.do_bootm_linux
                0x00000000402024bc       0x7c arch/arm/lib/built-in.o
                0x00000000402024bc                do_bootm_linux
 .text.boot_prep_vxworks
                0x0000000040202538       0x50 arch/arm/lib/built-in.o
                0x0000000040202538                boot_prep_vxworks
 .text.boot_jump_vxworks
                0x0000000040202588       0x10 arch/arm/lib/built-in.o
                0x0000000040202588                boot_jump_vxworks
 .text.booti_setup
                0x0000000040202598       0xb8 arch/arm/lib/built-in.o
                0x0000000040202598                booti_setup
 .text.arch_reserve_stacks
                0x0000000040202650       0x10 arch/arm/lib/built-in.o
                0x0000000040202650                arch_reserve_stacks
 .text.interrupt_init
                0x0000000040202660        0x8 arch/arm/lib/built-in.o
                0x0000000040202660                interrupt_init
 .text.enable_interrupts
                0x0000000040202668        0x4 arch/arm/lib/built-in.o
                0x0000000040202668                enable_interrupts
 .text.disable_interrupts
                0x000000004020266c        0x8 arch/arm/lib/built-in.o
                0x000000004020266c                disable_interrupts
 .text.show_regs
                0x0000000040202674      0x108 arch/arm/lib/built-in.o
                0x0000000040202674                show_regs
 .text.do_bad_sync
                0x000000004020277c       0x44 arch/arm/lib/built-in.o
                0x000000004020277c                do_bad_sync
 .text.do_bad_irq
                0x00000000402027c0       0x44 arch/arm/lib/built-in.o
                0x00000000402027c0                do_bad_irq
 .text.do_bad_fiq
                0x0000000040202804       0x44 arch/arm/lib/built-in.o
                0x0000000040202804                do_bad_fiq
 .text.do_bad_error
                0x0000000040202848       0x44 arch/arm/lib/built-in.o
                0x0000000040202848                do_bad_error
 .text.do_sync  0x000000004020288c       0x44 arch/arm/lib/built-in.o
                0x000000004020288c                do_sync
 .text.do_irq   0x00000000402028d0       0x44 arch/arm/lib/built-in.o
                0x00000000402028d0                do_irq
 .text.do_fiq   0x0000000040202914       0x44 arch/arm/lib/built-in.o
                0x0000000040202914                do_fiq
 .text.do_error
                0x0000000040202958       0x44 arch/arm/lib/built-in.o
                0x0000000040202958                do_error
 .text.flush_cache
                0x000000004020299c        0x8 arch/arm/lib/built-in.o
                0x000000004020299c                flush_cache
 *fill*         0x00000000402029a4       0x5c 
 .text          0x0000000040202a00      0x298 arch/arm/mach-imx/built-in.o
                0x0000000040202a00                lowlevel_init
                0x0000000040202b00                rom_pointer
                0x0000000040202c00                save_boot_params
                0x0000000040202c4c                restore_boot_params
 .text.imx_iomux_v3_setup_pad
                0x0000000040202c98       0xc4 arch/arm/mach-imx/built-in.o
                0x0000000040202c98                imx_iomux_v3_setup_pad
 .text.imx_iomux_v3_setup_multiple_pads
                0x0000000040202d5c       0x44 arch/arm/mach-imx/built-in.o
                0x0000000040202d5c                imx_iomux_v3_setup_multiple_pads
 .text.arch_auxiliary_core_up
                0x0000000040202da0       0x74 arch/arm/mach-imx/built-in.o
                0x0000000040202da0                arch_auxiliary_core_up
 .text.arch_auxiliary_core_check_up
                0x0000000040202e14       0x2c arch/arm/mach-imx/built-in.o
                0x0000000040202e14                arch_auxiliary_core_check_up
 .text.do_bootaux
                0x0000000040202e40       0xa0 arch/arm/mach-imx/built-in.o
 .text.board_mmc_get_env_dev
                0x0000000040202ee0        0x4 arch/arm/mach-imx/built-in.o
                0x0000000040202ee0                board_mmc_get_env_dev
 .text.mmc_get_env_dev
                0x0000000040202ee4       0x48 arch/arm/mach-imx/built-in.o
                0x0000000040202ee4                mmc_get_env_dev
 .text.imx_get_mac_from_fuse
                0x0000000040202f2c      0x180 arch/arm/mach-imx/built-in.o
                0x0000000040202f2c                imx_get_mac_from_fuse
 .text.get_imx_reset_cause
                0x00000000402030ac       0x28 arch/arm/mach-imx/built-in.o
                0x00000000402030ac                get_imx_reset_cause
 .text.get_reset_cause
                0x00000000402030d4       0xec arch/arm/mach-imx/built-in.o
 .text.get_reboot_reason
                0x00000000402031c0       0x38 arch/arm/mach-imx/built-in.o
                0x00000000402031c0                get_reboot_reason
 .text.get_imx_type
                0x00000000402031f8      0x220 arch/arm/mach-imx/built-in.o
                0x00000000402031f8                get_imx_type
 .text.arch_preboot_os
                0x0000000040203418        0x4 arch/arm/mach-imx/built-in.o
                0x0000000040203418                arch_preboot_os
 .text.get_cpu_speed_grade_hz
                0x000000004020341c      0x2cc arch/arm/mach-imx/built-in.o
                0x000000004020341c                get_cpu_speed_grade_hz
 .text.get_cpu_temp_grade
                0x00000000402036e8       0xfc arch/arm/mach-imx/built-in.o
                0x00000000402036e8                get_cpu_temp_grade
 .text.print_cpuinfo
                0x00000000402037e4      0x164 arch/arm/mach-imx/built-in.o
                0x00000000402037e4                print_cpuinfo
 .text.get_boot_device
                0x0000000040203948       0x94 arch/arm/mach-imx/built-in.o
                0x0000000040203948                get_boot_device
 .text.set_dt_val
                0x00000000402039dc       0x3c arch/arm/mach-imx/built-in.o
 .text.board_lmb_reserve
                0x0000000040203a18       0x6c arch/arm/mach-imx/built-in.o
                0x0000000040203a18                board_lmb_reserve
 .text.imx_sec_init
                0x0000000040203a84        0x4 arch/arm/mach-imx/built-in.o
                0x0000000040203a84                imx_sec_init
 .text.add_dt_path_subnode
                0x0000000040203a88       0x48 arch/arm/mach-imx/built-in.o
                0x0000000040203a88                add_dt_path_subnode
 .text.add_res_mem_dt_node
                0x0000000040203ad0      0x1dc arch/arm/mach-imx/built-in.o
                0x0000000040203ad0                add_res_mem_dt_node
 .text.ft_add_optee_node
                0x0000000040203cac      0x1ac arch/arm/mach-imx/built-in.o
                0x0000000040203cac                ft_add_optee_node
 .text.call_imx_sip
                0x0000000040203e58       0x28 arch/arm/mach-imx/built-in.o
                0x0000000040203e58                call_imx_sip
 .text.select   0x0000000040203e80       0x34 arch/arm/mach-imx/built-in.o
 .text.get_clk_root_target
                0x0000000040203eb4       0x8c arch/arm/mach-imx/built-in.o
 .text.clock_get_target_val
                0x0000000040203f40       0x68 arch/arm/mach-imx/built-in.o
                0x0000000040203f40                clock_get_target_val
 .text.clock_set_target_val
                0x0000000040203fa8       0x64 arch/arm/mach-imx/built-in.o
                0x0000000040203fa8                clock_set_target_val
 .text.clock_root_enabled
                0x000000004020400c       0x74 arch/arm/mach-imx/built-in.o
                0x000000004020400c                clock_root_enabled
 .text.clock_enable
                0x0000000040204080       0x4c arch/arm/mach-imx/built-in.o
                0x0000000040204080                clock_enable
 .text.clock_get_prediv
                0x00000000402040cc       0x84 arch/arm/mach-imx/built-in.o
                0x00000000402040cc                clock_get_prediv
 .text.clock_get_postdiv
                0x0000000040204150       0xa4 arch/arm/mach-imx/built-in.o
                0x0000000040204150                clock_get_postdiv
 .text.clock_get_src
                0x00000000402041f4       0x70 arch/arm/mach-imx/built-in.o
                0x00000000402041f4                clock_get_src
 .text.get_cpu_variant_type
                0x0000000040204264      0x16c arch/arm/mach-imx/built-in.o
 .text.disable_fdt_nodes
                0x00000000402043d0      0x104 arch/arm/mach-imx/built-in.o
 .text.disable_cpu_nodes
                0x00000000402044d4       0xe0 arch/arm/mach-imx/built-in.o
 .text.timer_init
                0x00000000402045b4       0x10 arch/arm/mach-imx/built-in.o
                0x00000000402045b4                timer_init
 .text.set_wdog_reset
                0x00000000402045c4       0x18 arch/arm/mach-imx/built-in.o
                0x00000000402045c4                set_wdog_reset
 .text.enable_caches
                0x00000000402045dc       0x98 arch/arm/mach-imx/built-in.o
                0x00000000402045dc                enable_caches
 .text.get_cpu_rev
                0x0000000040204674       0xbc arch/arm/mach-imx/built-in.o
                0x0000000040204674                get_cpu_rev
 .text.arch_cpu_init_dm
                0x0000000040204730       0x4c arch/arm/mach-imx/built-in.o
                0x0000000040204730                arch_cpu_init_dm
 .text.arch_cpu_init
                0x000000004020477c       0x7c arch/arm/mach-imx/built-in.o
                0x000000004020477c                arch_cpu_init
 .text.is_usb_boot
                0x00000000402047f8       0x1c arch/arm/mach-imx/built-in.o
                0x00000000402047f8                is_usb_boot
 .text.get_board_serial
                0x0000000040204814       0x1c arch/arm/mach-imx/built-in.o
                0x0000000040204814                get_board_serial
 .text.board_quiesce_devices
                0x0000000040204830        0x4 arch/arm/mach-imx/built-in.o
                0x0000000040204830                board_quiesce_devices
 .text.disable_vpu_nodes
                0x0000000040204834      0x180 arch/arm/mach-imx/built-in.o
                0x0000000040204834                disable_vpu_nodes
 .text.ft_system_setup
                0x00000000402049b4       0xbc arch/arm/mach-imx/built-in.o
                0x00000000402049b4                ft_system_setup
 .text.arch_misc_init
                0x0000000040204a70       0x60 arch/arm/mach-imx/built-in.o
                0x0000000040204a70                arch_misc_init
 .text.imx8m_usb_power
                0x0000000040204ad0       0x48 arch/arm/mach-imx/built-in.o
                0x0000000040204ad0                imx8m_usb_power
 .text.nxp_tmu_arch_init
                0x0000000040204b18      0x118 arch/arm/mach-imx/built-in.o
                0x0000000040204b18                nxp_tmu_arch_init
 .text.decode_intpll
                0x0000000040204c30      0x1b4 arch/arm/mach-imx/built-in.o
 .text.decode_fracpll
                0x0000000040204de4      0x130 arch/arm/mach-imx/built-in.o
 .text.get_root_src_clk
                0x0000000040204f14       0x94 arch/arm/mach-imx/built-in.o
 .text.get_root_clk
                0x0000000040204fa8       0x80 arch/arm/mach-imx/built-in.o
 .text.enable_ocotp_clk
                0x0000000040205028       0x10 arch/arm/mach-imx/built-in.o
                0x0000000040205028                enable_ocotp_clk
 .text.init_uart_clk
                0x0000000040205038       0xc8 arch/arm/mach-imx/built-in.o
                0x0000000040205038                init_uart_clk
 .text.get_arm_core_clk
                0x0000000040205100       0x30 arch/arm/mach-imx/built-in.o
                0x0000000040205100                get_arm_core_clk
 .text.mxc_get_clock
                0x0000000040205130       0xbc arch/arm/mach-imx/built-in.o
                0x0000000040205130                mxc_get_clock
 .text.do_mscale_showclocks
                0x00000000402051ec      0x24c arch/arm/mach-imx/built-in.o
                0x00000000402051ec                do_mscale_showclocks
 .text.imx_get_uartclk
                0x0000000040205438        0x8 arch/arm/mach-imx/built-in.o
                0x0000000040205438                imx_get_uartclk
 .text.enable_usboh3_clk
                0x0000000040205440       0x5c arch/arm/mach-imx/built-in.o
                0x0000000040205440                enable_usboh3_clk
 .text.var_eeprom_get_mac
                0x000000004020549c       0x60 board/variscite/imx8mm_var_dart/built-in.o
                0x000000004020549c                var_eeprom_get_mac
 .text.var_eeprom_get_dram_size
                0x00000000402054fc       0x50 board/variscite/imx8mm_var_dart/built-in.o
                0x00000000402054fc                var_eeprom_get_dram_size
 .text.var_eeprom_print_prod_info
                0x000000004020554c      0x100 board/variscite/imx8mm_var_dart/built-in.o
                0x000000004020554c                var_eeprom_print_prod_info
 .text.var_carrier_eeprom_read
                0x000000004020564c       0x60 board/variscite/imx8mm_var_dart/built-in.o
                0x000000004020564c                var_carrier_eeprom_read
 .text.var_carrier_eeprom_is_valid
                0x00000000402056ac       0x9c board/variscite/imx8mm_var_dart/built-in.o
                0x00000000402056ac                var_carrier_eeprom_is_valid
 .text.var_carrier_eeprom_get_revision
                0x0000000040205748       0x4c board/variscite/imx8mm_var_dart/built-in.o
                0x0000000040205748                var_carrier_eeprom_get_revision
 .text.get_board_id
                0x0000000040205794       0x68 board/variscite/imx8mm_var_dart/built-in.o
                0x0000000040205794                get_board_id
 .text.board_early_init_f
                0x00000000402057fc       0x74 board/variscite/imx8mm_var_dart/built-in.o
                0x00000000402057fc                board_early_init_f
 .text.board_usb_init
                0x0000000040205870       0x1c board/variscite/imx8mm_var_dart/built-in.o
                0x0000000040205870                board_usb_init
 .text.board_usb_cleanup
                0x000000004020588c       0x1c board/variscite/imx8mm_var_dart/built-in.o
                0x000000004020588c                board_usb_cleanup
 .text.board_init
                0x00000000402058a8       0x18 board/variscite/imx8mm_var_dart/built-in.o
                0x00000000402058a8                board_init
 .text.board_late_init
                0x00000000402058c0      0x1b4 board/variscite/imx8mm_var_dart/built-in.o
                0x00000000402058c0                board_late_init
 .text.mmc_map_to_kernel_blk
                0x0000000040205a74        0x4 board/variscite/imx8mm_var_dart/built-in.o
                0x0000000040205a74                mmc_map_to_kernel_blk
 .text.board_late_mmc_env_init
                0x0000000040205a78       0x88 board/variscite/imx8mm_var_dart/built-in.o
                0x0000000040205a78                board_late_mmc_env_init
 .text.board_phy_config
                0x0000000040205b00       0xd4 board/variscite/imx8mm_var_dart/built-in.o
                0x0000000040205b00                board_phy_config
 .text.var_setup_mac
                0x0000000040205bd4       0xa0 board/variscite/imx8mm_var_dart/built-in.o
                0x0000000040205bd4                var_setup_mac
 .text.dram_init_banksize
                0x0000000040205c74       0xe8 board/variscite/imx8mm_var_dart/built-in.o
                0x0000000040205c74                dram_init_banksize
 .text.dram_init
                0x0000000040205d5c       0x6c board/variscite/imx8mm_var_dart/built-in.o
                0x0000000040205d5c                dram_init
 .text.get_effective_memsize
                0x0000000040205dc8       0x38 board/variscite/imx8mm_var_dart/built-in.o
                0x0000000040205dc8                get_effective_memsize
 .text.do_go_exec
                0x0000000040205e00       0x20 cmd/built-in.o
                0x0000000040205e00                do_go_exec
 .text.do_go    0x0000000040205e20       0x88 cmd/built-in.o
 .text.do_bootm
                0x0000000040205ea8      0x104 cmd/built-in.o
                0x0000000040205ea8                do_bootm
 .text.do_bootd
                0x0000000040205fac       0x2c cmd/built-in.o
                0x0000000040205fac                do_bootd
 .text.image_info
                0x0000000040205fd8      0x148 cmd/built-in.o
 .text.do_iminfo
                0x0000000040206120       0x7c cmd/built-in.o
 .text.bootm_maybe_autostart
                0x000000004020619c       0x74 cmd/built-in.o
                0x000000004020619c                bootm_maybe_autostart
 .text.do_help  0x0000000040206210       0x44 cmd/built-in.o
 .text.do_version
                0x0000000040206254       0x40 cmd/built-in.o
 .text.blk_common_cmd
                0x0000000040206294      0x330 cmd/built-in.o
                0x0000000040206294                blk_common_cmd
 .text.image_source_script
                0x00000000402065c4      0x204 cmd/built-in.o
                0x00000000402065c4                image_source_script
 .text.do_source
                0x00000000402067c8       0x78 cmd/built-in.o
 .text.print_num
                0x0000000040206840       0x18 cmd/built-in.o
 .text.do_bdinfo
                0x0000000040206858      0x134 cmd/built-in.o
 .text.do_blkcache
                0x000000004020698c       0x84 cmd/built-in.o
 .text.blkc_configure
                0x0000000040206a10       0x78 cmd/built-in.o
 .text.blkc_show
                0x0000000040206a88       0x34 cmd/built-in.o
 .text.efi_reserve_memory
                0x0000000040206abc       0x60 cmd/built-in.o
 .text.do_bootefi_exec
                0x0000000040206b1c      0x1c4 cmd/built-in.o
 .text.efi_install_fdt
                0x0000000040206ce0      0x364 cmd/built-in.o
                0x0000000040206ce0                efi_install_fdt
 .text.efi_run_image
                0x0000000040207044       0xe8 cmd/built-in.o
                0x0000000040207044                efi_run_image
 .text.do_bootefi
                0x000000004020712c      0x124 cmd/built-in.o
 .text.efi_set_bootdev
                0x0000000040207250       0xa4 cmd/built-in.o
                0x0000000040207250                efi_set_bootdev
 .text.do_booti
                0x00000000402072f4      0x118 cmd/built-in.o
                0x00000000402072f4                do_booti
 .text.parse_argv
                0x000000004020740c       0x68 cmd/built-in.o
 .text.do_icache
                0x0000000040207474       0x98 cmd/built-in.o
 .text.do_dcache
                0x000000004020750c       0x98 cmd/built-in.o
 .text.show_clks
                0x00000000402075a4      0x128 cmd/built-in.o
 .text.do_clk   0x00000000402076cc       0x84 cmd/built-in.o
 .text.soc_clk_dump
                0x0000000040207750       0x50 cmd/built-in.o
                0x0000000040207750                soc_clk_dump
 .text.do_clk_dump
                0x00000000402077a0       0x2c cmd/built-in.o
 .text.do_coninfo
                0x00000000402077cc       0xdc cmd/built-in.o
 .text.do_dm_dump_devres
                0x00000000402078a8        0x8 cmd/built-in.o
 .text.do_dm    0x00000000402078b0       0x94 cmd/built-in.o
 .text.do_dm_dump_drivers
                0x0000000040207944       0x18 cmd/built-in.o
 .text.do_dm_dump_uclass
                0x000000004020795c       0x18 cmd/built-in.o
 .text.do_dm_dump_all
                0x0000000040207974       0x18 cmd/built-in.o
 .text.do_echo  0x000000004020798c       0xd4 cmd/built-in.o
 .text.load_elf_image_phdr
                0x0000000040207a60      0x130 cmd/built-in.o
 .text.valid_elf_image
                0x0000000040207b90       0x58 cmd/built-in.o
                0x0000000040207b90                valid_elf_image
 .text.do_bootelf
                0x0000000040207be8      0x290 cmd/built-in.o
                0x0000000040207be8                do_bootelf
 .text.do_bootvx
                0x0000000040207e78      0x334 cmd/built-in.o
                0x0000000040207e78                do_bootvx
 .text.do_exit  0x00000000402081ac       0x40 cmd/built-in.o
 .text.do_ext4_size
                0x00000000402081ec        0x8 cmd/built-in.o
                0x00000000402081ec                do_ext4_size
 .text.do_ext4_load
                0x00000000402081f4        0x8 cmd/built-in.o
                0x00000000402081f4                do_ext4_load
 .text.do_ext4_ls
                0x00000000402081fc        0x8 cmd/built-in.o
                0x00000000402081fc                do_ext4_ls
 .text.do_ext4_write
                0x0000000040208204        0x8 cmd/built-in.o
                0x0000000040208204                do_ext4_write
 .text.do_fat_size
                0x000000004020820c        0x8 cmd/built-in.o
                0x000000004020820c                do_fat_size
 .text.do_fat_fsload
                0x0000000040208214        0x8 cmd/built-in.o
                0x0000000040208214                do_fat_fsload
 .text.do_fat_ls
                0x000000004020821c        0x8 cmd/built-in.o
 .text.do_fat_fsinfo
                0x0000000040208224       0x94 cmd/built-in.o
 .text.do_fat_fswrite
                0x00000000402082b8      0x148 cmd/built-in.o
 .text.do_fat_rm
                0x0000000040208400        0x8 cmd/built-in.o
 .text.do_fat_mkdir
                0x0000000040208408        0x8 cmd/built-in.o
 .text.fdt_valid
                0x0000000040208410       0xcc cmd/built-in.o
 .text.is_printable_string
                0x00000000402084dc       0x84 cmd/built-in.o
 .text.print_data
                0x0000000040208560      0x1bc cmd/built-in.o
 .text.set_working_fdt_addr
                0x000000004020871c       0x18 cmd/built-in.o
                0x000000004020871c                set_working_fdt_addr
 .text.do_fdt   0x0000000040208734     0x1018 cmd/built-in.o
 .text.do_size_wrapper
                0x000000004020974c        0x8 cmd/built-in.o
 .text.do_load_wrapper
                0x0000000040209754        0x8 cmd/built-in.o
 .text.do_save_wrapper
                0x000000004020975c        0x8 cmd/built-in.o
 .text.do_ls_wrapper
                0x0000000040209764        0x8 cmd/built-in.o
 .text.do_ln_wrapper
                0x000000004020976c        0x8 cmd/built-in.o
 .text.do_fstype_wrapper
                0x0000000040209774        0x4 cmd/built-in.o
 .text.strtou32
                0x0000000040209778       0x54 cmd/built-in.o
 .text.do_fuse  0x00000000402097cc      0x360 cmd/built-in.o
 .text.gpio_get_description
                0x0000000040209b2c       0xdc cmd/built-in.o
 .text.do_gpio  0x0000000040209c08      0x38c cmd/built-in.o
 .text.do_i2c   0x0000000040209f94       0x84 cmd/built-in.o
 .text.i2c_get_cur_bus
                0x000000004020a018       0x38 cmd/built-in.o
 .text.do_i2c_bus_speed
                0x000000004020a050       0xb0 cmd/built-in.o
 .text.do_i2c_reset
                0x000000004020a100       0x38 cmd/built-in.o
 .text.i2c_get_cur_bus_chip
                0x000000004020a138       0x40 cmd/built-in.o
 .text.do_i2c_probe
                0x000000004020a178       0xcc cmd/built-in.o
 .text.do_i2c_bus_num
                0x000000004020a244       0xb4 cmd/built-in.o
 .text.show_bus
                0x000000004020a2f8       0x98 cmd/built-in.o
 .text.do_i2c_olen
                0x000000004020a390       0xbc cmd/built-in.o
 .text.do_i2c_flags
                0x000000004020a44c       0xcc cmd/built-in.o
 .text.do_i2c_show_bus
                0x000000004020a518       0xc0 cmd/built-in.o
 .text.get_alen.constprop.0
                0x000000004020a5d8       0x38 cmd/built-in.o
 .text.do_i2c_crc
                0x000000004020a610      0x17c cmd/built-in.o
 .text.mod_i2c_mem.isra.0.part.0
                0x000000004020a78c      0x248 cmd/built-in.o
 .text.do_i2c_nm
                0x000000004020a9d4       0x1c cmd/built-in.o
 .text.do_i2c_md
                0x000000004020a9f0      0x238 cmd/built-in.o
 .text.do_i2c_read
                0x000000004020ac28      0x104 cmd/built-in.o
 .text.do_i2c_mw
                0x000000004020ad2c      0x140 cmd/built-in.o
 .text.do_i2c_write
                0x000000004020ae6c      0x1d0 cmd/built-in.o
 .text.do_i2c_loop
                0x000000004020b03c      0x150 cmd/built-in.o
 .text.do_i2c_mm
                0x000000004020b18c       0x1c cmd/built-in.o
 .text.evalexp  0x000000004020b1a8       0xa8 cmd/built-in.o
 .text.evalstr  0x000000004020b250       0x5c cmd/built-in.o
 .text.binary_test
                0x000000004020b2ac      0x198 cmd/built-in.o
 .text.do_itest
                0x000000004020b444       0x8c cmd/built-in.o
 .text.bin_data_init
                0x000000004020b4d0       0x1c cmd/built-in.o
 .text.k_data_save
                0x000000004020b4ec       0x34 cmd/built-in.o
 .text.k_data_restore
                0x000000004020b520       0x34 cmd/built-in.o
 .text.getcxmodem
                0x000000004020b554       0x24 cmd/built-in.o
 .text.load_serial_ymodem
                0x000000004020b578       0xf0 cmd/built-in.o
 .text.bin_data_char
                0x000000004020b668       0x28 cmd/built-in.o
 .text.chk1.constprop.0
                0x000000004020b690       0x34 cmd/built-in.o
 .text.s1_sendpacket.constprop.0
                0x000000004020b6c4       0x5c cmd/built-in.o
 .text.load_serial
                0x000000004020b720      0x1d4 cmd/built-in.o
 .text.do_load_serial
                0x000000004020b8f4       0xe0 cmd/built-in.o
 .text.do_load_serial_bin
                0x000000004020b9d4      0x79c cmd/built-in.o
 .text.do_mem_md
                0x000000004020c170       0xf4 cmd/built-in.o
 .text.do_mem_base
                0x000000004020c264       0x4c cmd/built-in.o
 .text.do_mem_crc
                0x000000004020c2b0       0x30 cmd/built-in.o
 .text.do_mem_mtest
                0x000000004020c2e0      0x230 cmd/built-in.o
 .text.do_mem_loop
                0x000000004020c510      0x128 cmd/built-in.o
 .text.do_mem_cmp
                0x000000004020c638      0x1a4 cmd/built-in.o
 .text.mod_mem.isra.0.part.0
                0x000000004020c7dc      0x1b4 cmd/built-in.o
 .text.do_mem_mm
                0x000000004020c990       0x1c cmd/built-in.o
 .text.do_mem_mw
                0x000000004020c9ac      0x108 cmd/built-in.o
 .text.do_mem_cp
                0x000000004020cab4       0xc0 cmd/built-in.o
 .text.do_random
                0x000000004020cb74      0x118 cmd/built-in.o
 .text.do_mem_nm
                0x000000004020cc8c       0x1c cmd/built-in.o
 .text.extract_range
                0x000000004020cca8       0xfc cmd/built-in.o
 .text.dump_field
                0x000000004020cda4       0x68 cmd/built-in.o
 .text.do_mii   0x000000004020ce0c      0x850 cmd/built-in.o
 .text.do_mdio  0x000000004020d65c      0x708 cmd/built-in.o
 .text.do_sleep
                0x000000004020dd64       0xe8 cmd/built-in.o
 .text.do_mmcops
                0x000000004020de4c       0xe8 cmd/built-in.o
 .text.init_mmc_device
                0x000000004020df34       0x84 cmd/built-in.o
 .text.do_mmc_rst_func
                0x000000004020dfb8       0xa8 cmd/built-in.o
 .text.do_mmc_rescan
                0x000000004020e060       0x28 cmd/built-in.o
 .text.do_mmc_partconf
                0x000000004020e088      0x110 cmd/built-in.o
 .text.do_mmc_bootbus
                0x000000004020e198       0xc8 cmd/built-in.o
 .text.do_mmc_hwpartition
                0x000000004020e260      0x4e8 cmd/built-in.o
 .text.do_mmc_list
                0x000000004020e748       0x1c cmd/built-in.o
 .text.do_mmc_dev
                0x000000004020e764      0x14c cmd/built-in.o
 .text.do_mmcinfo
                0x000000004020e8b0      0x3b4 cmd/built-in.o
 .text.do_mmc_setdsr
                0x000000004020ec64       0xbc cmd/built-in.o
 .text.do_mmc_boot_resize
                0x000000004020ed20       0xe0 cmd/built-in.o
 .text.do_mmc_part
                0x000000004020ee00       0x64 cmd/built-in.o
 .text.do_mmc_erase
                0x000000004020ee64      0x104 cmd/built-in.o
 .text.do_mmc_write
                0x000000004020ef68      0x124 cmd/built-in.o
 .text.do_mmc_read
                0x000000004020f08c       0xfc cmd/built-in.o
 .text.netboot_common
                0x000000004020f188      0x2bc cmd/built-in.o
 .text.do_bootp
                0x000000004020f444        0xc cmd/built-in.o
 .text.do_dhcp  0x000000004020f450        0xc cmd/built-in.o
 .text.do_nfs   0x000000004020f45c        0xc cmd/built-in.o
 .text.do_tftpb
                0x000000004020f468       0x58 cmd/built-in.o
                0x000000004020f468                do_tftpb
 .text.do_ping  0x000000004020f4c0       0x7c cmd/built-in.o
 .text.do_pinmux
                0x000000004020f53c       0x80 cmd/built-in.o
 .text.do_list  0x000000004020f5bc      0x148 cmd/built-in.o
 .text.show_pinmux
                0x000000004020f704       0xec cmd/built-in.o
 .text.do_status
                0x000000004020f7f0      0x3b0 cmd/built-in.o
 .text.do_dev   0x000000004020fba0      0x150 cmd/built-in.o
 .text.do_raw_read
                0x000000004020fcf0      0x18c cmd/built-in.o
                0x000000004020fcf0                do_raw_read
 .text.substitute
                0x000000004020fe7c      0x118 cmd/built-in.o
 .text.get_arg  0x000000004020ff94       0x70 cmd/built-in.o
 .text.regex_sub.part.0
                0x0000000040210004      0x2c4 cmd/built-in.o
 .text.do_setexpr
                0x00000000402102c8      0x1a4 cmd/built-in.o
 .text.do_false
                0x000000004021046c        0x8 cmd/built-in.o
 .text.do_true  0x0000000040210474        0x8 cmd/built-in.o
 .text.do_test  0x000000004021047c      0x35c cmd/built-in.o
 .text.do_unzip
                0x00000000402107d8       0xbc cmd/built-in.o
 .text.do_gzwrite
                0x0000000040210894      0x118 cmd/built-in.o
 .text.do_lzmadec
                0x00000000402109ac       0xbc cmd/built-in.o
 .text.usb_get_class_desc
                0x0000000040210a68       0xac cmd/built-in.o
 .text.usb_display_class_sub
                0x0000000040210b14      0x18c cmd/built-in.o
 .text.usb_display_desc
                0x0000000040210ca0      0x14c cmd/built-in.o
 .text.usb_show_tree_graph
                0x0000000040210dec      0x230 cmd/built-in.o
 .text.usb_show_subtree
                0x000000004021101c       0x38 cmd/built-in.o
 .text.usb_for_each_root_dev
                0x0000000040211054       0x68 cmd/built-in.o
 .text.usb_display_string
                0x00000000402110bc       0x4c cmd/built-in.o
 .text.usb_display_config
                0x0000000040211108      0x254 cmd/built-in.o
 .text.usb_show_info
                0x000000004021135c       0x78 cmd/built-in.o
 .text.usb_find_device
                0x00000000402113d4       0xb0 cmd/built-in.o
 .text.do_usbboot
                0x0000000040211484        0xc cmd/built-in.o
 .text.do_usb_start
                0x0000000040211490       0x30 cmd/built-in.o
 .text.usb_show_tree
                0x00000000402114c0        0xc cmd/built-in.o
                0x00000000402114c0                usb_show_tree
 .text.do_usb   0x00000000402114cc      0x3ec cmd/built-in.o
 .text.common_diskboot
                0x00000000402118b8      0x2a4 cmd/built-in.o
                0x00000000402118b8                common_diskboot
 .text.do_fastboot
                0x0000000040211b5c      0x204 cmd/built-in.o
 .text.ums_fini
                0x0000000040211d60       0x70 cmd/built-in.o
 .text.ums_write_sector
                0x0000000040211dd0       0x20 cmd/built-in.o
 .text.ums_read_sector
                0x0000000040211df0       0x20 cmd/built-in.o
 .text.do_usb_mass_storage
                0x0000000040211e10      0x340 cmd/built-in.o
 .text.do_imgextract
                0x0000000040212150      0x3bc cmd/built-in.o
 .text.del_gpt_info
                0x000000004021250c       0x48 cmd/built-in.o
 .text.extract_val
                0x0000000040212554       0xa0 cmd/built-in.o
 .text.calc_parts_list_len
                0x00000000402125f4       0xa4 cmd/built-in.o
 .text.extract_env
                0x0000000040212698       0xf8 cmd/built-in.o
 .text.get_gpt_info
                0x0000000040212790      0x12c cmd/built-in.o
 .text.create_gpt_partitions_list.isra.0
                0x00000000402128bc      0x148 cmd/built-in.o
 .text.set_gpt_info.isra.0
                0x0000000040212a04      0x3fc cmd/built-in.o
 .text.print_gpt_info
                0x0000000040212e00       0xec cmd/built-in.o
 .text.do_gpt   0x0000000040212eec      0x664 cmd/built-in.o
 .text.do_regulator
                0x0000000040213550       0x80 cmd/built-in.o
 .text.failure  0x00000000402135d0       0x2c cmd/built-in.o
 .text.constraint
                0x00000000402135fc       0x88 cmd/built-in.o
 .text.curr_dev_and_platdata
                0x0000000040213684       0xa0 cmd/built-in.o
 .text.do_disable
                0x0000000040213724       0x68 cmd/built-in.o
 .text.do_enable
                0x000000004021378c       0x68 cmd/built-in.o
 .text.do_mode  0x00000000402137f4       0xd0 cmd/built-in.o
 .text.do_current
                0x00000000402138c4      0x104 cmd/built-in.o
 .text.do_value
                0x00000000402139c8      0x140 cmd/built-in.o
 .text.do_info  0x0000000040213b08      0x1d4 cmd/built-in.o
 .text.do_env_delete
                0x0000000040213cdc       0xc4 cmd/built-in.o
 .text.do_env_save
                0x0000000040213da0       0x1c cmd/built-in.o
 .text.do_env   0x0000000040213dbc       0x84 cmd/built-in.o
 .text.env_print
                0x0000000040213e40       0xc4 cmd/built-in.o
 .text.do_env_print
                0x0000000040213f04       0xe0 cmd/built-in.o
 .text.do_env_import
                0x0000000040213fe4      0x28c cmd/built-in.o
 .text.do_env_default
                0x0000000040214270       0x98 cmd/built-in.o
 .text.do_env_exists
                0x0000000040214308       0x60 cmd/built-in.o
 .text._do_env_set.isra.0
                0x0000000040214368      0x1b8 cmd/built-in.o
 .text.do_env_set
                0x0000000040214520       0x20 cmd/built-in.o
 .text.env_get_id
                0x0000000040214540        0xc cmd/built-in.o
                0x0000000040214540                env_get_id
 .text.env_set  0x000000004021454c       0x58 cmd/built-in.o
                0x000000004021454c                env_set
 .text.env_set_ulong
                0x00000000402145a4       0x2c cmd/built-in.o
                0x00000000402145a4                env_set_ulong
 .text.env_set_hex
                0x00000000402145d0       0x3c cmd/built-in.o
                0x00000000402145d0                env_set_hex
 .text.do_env_export
                0x000000004021460c      0x21c cmd/built-in.o
 .text.env_match
                0x0000000040214828       0x7c cmd/built-in.o
                0x0000000040214828                env_match
 .text.env_get_f
                0x00000000402148a4       0xfc cmd/built-in.o
                0x00000000402148a4                env_get_f
 .text.env_get  0x00000000402149a0       0x70 cmd/built-in.o
                0x00000000402149a0                env_get
 .text.env_get_hex
                0x0000000040214a10       0x44 cmd/built-in.o
                0x0000000040214a10                env_get_hex
 .text.eth_env_get_enetaddr
                0x0000000040214a54       0x68 cmd/built-in.o
                0x0000000040214a54                eth_env_get_enetaddr
 .text.eth_env_set_enetaddr
                0x0000000040214abc       0x54 cmd/built-in.o
                0x0000000040214abc                eth_env_set_enetaddr
 .text.env_get_ulong
                0x0000000040214b10       0x40 cmd/built-in.o
                0x0000000040214b10                env_get_ulong
 .text.do_env_edit.part.0
                0x0000000040214b50       0xb4 cmd/built-in.o
 .text.do_env_edit
                0x0000000040214c04       0x28 cmd/built-in.o
 .text.board_init_f_alloc_reserve
                0x0000000040214c2c       0x10 common/built-in.o
                0x0000000040214c2c                board_init_f_alloc_reserve
 .text.board_init_f_init_reserve
                0x0000000040214c3c       0x30 common/built-in.o
                0x0000000040214c3c                board_init_f_init_reserve
 .text.show_boot_progress
                0x0000000040214c6c        0x8 common/built-in.o
                0x0000000040214c6c                show_boot_progress
 .text.main_loop
                0x0000000040214c74       0x4c common/built-in.o
                0x0000000040214c74                main_loop
 .text.mdelay   0x0000000040214cc0        0xc common/built-in.o
 .text.dummy    0x0000000040214ccc        0x4 common/built-in.o
 .text.get_version
                0x0000000040214cd0        0x8 common/built-in.o
                0x0000000040214cd0                get_version
 .text.jumptable_init
                0x0000000040214cd8      0x1e8 common/built-in.o
                0x0000000040214cd8                jumptable_init
 .text.hash_finish_crc32
                0x0000000040214ec0       0x38 common/built-in.o
 .text.hash_finish_crc16_ccitt
                0x0000000040214ef8       0x38 common/built-in.o
 .text.hash_update_crc32
                0x0000000040214f30       0x34 common/built-in.o
 .text.hash_init_crc32
                0x0000000040214f64       0x30 common/built-in.o
 .text.hash_init_crc16_ccitt
                0x0000000040214f94       0x30 common/built-in.o
 .text.hash_update_crc16_ccitt
                0x0000000040214fc4       0x34 common/built-in.o
 .text.hash_finish_sha256
                0x0000000040214ff8       0x48 common/built-in.o
 .text.hash_update_sha256
                0x0000000040215040       0x24 common/built-in.o
 .text.hash_init_sha256
                0x0000000040215064       0x34 common/built-in.o
 .text.hash_finish_sha1
                0x0000000040215098       0x48 common/built-in.o
 .text.hash_update_sha1
                0x00000000402150e0       0x24 common/built-in.o
 .text.hash_init_sha1
                0x0000000040215104       0x34 common/built-in.o
 .text.hash_lookup_algo
                0x0000000040215138       0x74 common/built-in.o
                0x0000000040215138                hash_lookup_algo
 .text.hash_command
                0x00000000402151ac      0x1e4 common/built-in.o
                0x00000000402151ac                hash_command
 .text.b_reset  0x0000000040215390       0x18 common/built-in.o
 .text.static_get
                0x00000000402153a8       0x1c common/built-in.o
 .text.static_peek
                0x00000000402153c4        0xc common/built-in.o
 .text.mapset   0x00000000402153d0       0x20 common/built-in.o
 .text.syntax_err
                0x00000000402153f0        0xc common/built-in.o
 .text.free_pipe_list
                0x00000000402153fc       0xf0 common/built-in.o
 .text.xmalloc  0x00000000402154ec       0x28 common/built-in.o
 .text.new_pipe
                0x0000000040215514       0x24 common/built-in.o
 .text.xrealloc
                0x0000000040215538       0x28 common/built-in.o
 .text.done_command
                0x0000000040215560       0x94 common/built-in.o
 .text.done_pipe
                0x00000000402155f4       0x58 common/built-in.o
 .text.done_word
                0x000000004021564c      0x2a0 common/built-in.o
 .text.is_assignment
                0x00000000402158ec       0x50 common/built-in.o
 .text.file_get
                0x000000004021593c      0x1e4 common/built-in.o
 .text.do_showvar
                0x0000000040215b20      0x10c common/built-in.o
 .text.b_addchr
                0x0000000040215c2c       0x94 common/built-in.o
 .text.b_addqchr
                0x0000000040215cc0       0x58 common/built-in.o
 .text.file_peek
                0x0000000040215d18        0xc common/built-in.o
 .text.get_local_var
                0x0000000040215d24       0x9c common/built-in.o
                0x0000000040215d24                get_local_var
 .text.set_local_var
                0x0000000040215dc0      0x1a0 common/built-in.o
                0x0000000040215dc0                set_local_var
 .text.insert_var_value_sub
                0x0000000040215f60      0x2b8 common/built-in.o
 .text.parse_string_outer
                0x0000000040216218       0xe4 common/built-in.o
                0x0000000040216218                parse_string_outer
 .text.run_list_real
                0x00000000402162fc      0x724 common/built-in.o
 .text.parse_stream_outer
                0x0000000040216a20      0x670 common/built-in.o
 .text.parse_file_outer
                0x0000000040217090       0x40 common/built-in.o
                0x0000000040217090                parse_file_outer
 .text.u_boot_hush_start
                0x00000000402170d0       0x58 common/built-in.o
                0x00000000402170d0                u_boot_hush_start
 .text.bootdelay_process
                0x0000000040217128      0x1a4 common/built-in.o
                0x0000000040217128                bootdelay_process
 .text.autoboot_command
                0x00000000402172cc      0x114 common/built-in.o
                0x00000000402172cc                autoboot_command
 .text.log_init
                0x00000000402173e0       0x10 common/built-in.o
 .text.display_text_info
                0x00000000402173f0        0x8 common/built-in.o
 .text.setup_mon_len
                0x00000000402173f8       0x20 common/built-in.o
 .text.reserve_round_4k
                0x0000000040217418       0x14 common/built-in.o
 .text.reserve_uboot
                0x000000004021742c       0x38 common/built-in.o
 .text.reserve_malloc
                0x0000000040217464       0x18 common/built-in.o
 .text.reserve_global_data
                0x000000004021747c       0x1c common/built-in.o
 .text.reserve_fdt
                0x0000000040217498       0x48 common/built-in.o
 .text.reserve_mmu
                0x00000000402174e0       0x4c common/built-in.o
                0x00000000402174e0                reserve_mmu
 .text.setup_reloc
                0x000000004021752c       0x48 common/built-in.o
 .text.reloc_fdt
                0x0000000040217574       0x44 common/built-in.o
 .text.reserve_board
                0x00000000402175b8       0x48 common/built-in.o
 .text.announce_dram_init
                0x0000000040217600       0x20 common/built-in.o
 .text.print_resetinfo
                0x0000000040217620       0x48 common/built-in.o
 .text.init_baud_rate
                0x0000000040217668       0x30 common/built-in.o
 .text.initf_dm
                0x0000000040217698        0x8 common/built-in.o
 .text.initf_bootstage
                0x00000000402176a0       0x1c common/built-in.o
 .text.clear_bss
                0x00000000402176bc        0x8 common/built-in.o
                0x00000000402176bc                clear_bss
 .text.setup_spl_handoff
                0x00000000402176c4        0x8 common/built-in.o
 .text.mach_cpu_init
                0x00000000402176cc        0x8 common/built-in.o
                0x00000000402176cc                mach_cpu_init
 .text.reserve_video
                0x00000000402176d4        0x8 common/built-in.o
 .text.reserve_trace
                0x00000000402176dc        0x8 common/built-in.o
 .text.setup_machine
                0x00000000402176e4        0x8 common/built-in.o
 .text.reserve_bootstage
                0x00000000402176ec        0x8 common/built-in.o
 .text.reserve_bloblist
                0x00000000402176f4        0x8 common/built-in.o
 .text.display_new_sp
                0x00000000402176fc        0x8 common/built-in.o
 .text.reloc_bootstage
                0x0000000040217704        0x8 common/built-in.o
 .text.reloc_bloblist
                0x000000004021770c        0x8 common/built-in.o
 .text.initf_console_record
                0x0000000040217714        0x8 common/built-in.o
 .text.reserve_arch
                0x000000004021771c        0x8 common/built-in.o
                0x000000004021771c                reserve_arch
 .text.checkcpu
                0x0000000040217724        0x8 common/built-in.o
                0x0000000040217724                checkcpu
 .text.board_add_ram_info
                0x000000004021772c        0x4 common/built-in.o
                0x000000004021772c                board_add_ram_info
 .text.show_dram_config
                0x0000000040217730       0x50 common/built-in.o
 .text.board_get_usable_ram_top
                0x0000000040217780       0x20 common/built-in.o
                0x0000000040217780                board_get_usable_ram_top
 .text.setup_dest_addr
                0x00000000402177a0       0x4c common/built-in.o
 .text.reserve_stacks
                0x00000000402177ec       0x1c common/built-in.o
 .text.board_init_f
                0x0000000040217808       0x7c common/built-in.o
                0x0000000040217808                board_init_f
 .text.initr_trace
                0x0000000040217884        0x8 common/built-in.o
 .text.initr_reloc
                0x000000004021788c       0x18 common/built-in.o
 .text.run_main_loop
                0x00000000402178a4       0x10 common/built-in.o
 .text.initr_check_fastboot
                0x00000000402178b4       0x18 common/built-in.o
 .text.initr_net
                0x00000000402178cc       0x24 common/built-in.o
 .text.initr_fastboot_setup
                0x00000000402178f0       0x18 common/built-in.o
 .text.initr_ethaddr
                0x0000000040217908       0x28 common/built-in.o
 .text.initr_enable_interrupts
                0x0000000040217930       0x18 common/built-in.o
 .text.initr_jumptable
                0x0000000040217948       0x18 common/built-in.o
 .text.initr_env
                0x0000000040217960       0x74 common/built-in.o
 .text.initr_mmc
                0x00000000402179d4       0x28 common/built-in.o
 .text.initr_serial
                0x00000000402179fc       0x18 common/built-in.o
 .text.initr_dm
                0x0000000040217a14       0x14 common/built-in.o
 .text.initr_bootstage
                0x0000000040217a28       0x1c common/built-in.o
 .text.initr_malloc
                0x0000000040217a44       0x28 common/built-in.o
 .text.initr_reloc_global_data
                0x0000000040217a6c       0x50 common/built-in.o
 .text.initr_caches
                0x0000000040217abc       0x18 common/built-in.o
 .text.initr_binman
                0x0000000040217ad4        0x8 common/built-in.o
 .text.initr_barrier
                0x0000000040217adc        0x8 common/built-in.o
 .text.initr_console_record
                0x0000000040217ae4        0x8 common/built-in.o
 .text.initr_dm_devices
                0x0000000040217aec        0x8 common/built-in.o
 .text.power_init_board
                0x0000000040217af4        0x8 common/built-in.o
                0x0000000040217af4                power_init_board
 .text.initr_announce
                0x0000000040217afc        0x8 common/built-in.o
 .text.cpu_secondary_init_r
                0x0000000040217b04        0x4 common/built-in.o
                0x0000000040217b04                cpu_secondary_init_r
 .text.initr_secondary_cpu
                0x0000000040217b08       0x18 common/built-in.o
 .text.board_init_r
                0x0000000040217b20       0x70 common/built-in.o
                0x0000000040217b20                board_init_r
 .text.checkboard
                0x0000000040217b90        0x8 common/built-in.o
                0x0000000040217b90                checkboard
 .text.show_board_info
                0x0000000040217b98       0x3c common/built-in.o
                0x0000000040217b98                show_board_info
 .text.bootm_find_images
                0x0000000040217bd4       0xcc common/built-in.o
                0x0000000040217bd4                bootm_find_images
 .text.bootm_disable_interrupts
                0x0000000040217ca0       0x28 common/built-in.o
                0x0000000040217ca0                bootm_disable_interrupts
 .text.do_bootm_states
                0x0000000040217cc8      0x948 common/built-in.o
                0x0000000040217cc8                do_bootm_states
 .text.copy_args
                0x0000000040218610       0x6c common/built-in.o
 .text.do_bootm_rtems
                0x000000004021867c       0x60 common/built-in.o
 .text.do_bootm_vxworks
                0x00000000402186dc      0x204 common/built-in.o
                0x00000000402186dc                do_bootm_vxworks
 .text.do_bootm_efi
                0x00000000402188e0       0xbc common/built-in.o
 .text.do_bootm_plan9
                0x000000004021899c       0xc0 common/built-in.o
 .text.do_bootm_standalone
                0x0000000040218a5c       0x74 common/built-in.o
 .text.do_bootm_qnxelf
                0x0000000040218ad0       0x8c common/built-in.o
 .text.do_bootm_netbsd
                0x0000000040218b5c      0x120 common/built-in.o
 .text.board_preboot_os
                0x0000000040218c7c        0x4 common/built-in.o
                0x0000000040218c7c                board_preboot_os
 .text.boot_selected_os
                0x0000000040218c80       0x7c common/built-in.o
                0x0000000040218c80                boot_selected_os
 .text.bootm_os_get_boot_func
                0x0000000040218cfc       0x10 common/built-in.o
                0x0000000040218cfc                bootm_os_get_boot_func
 .text.of_bus_default_map
                0x0000000040218d0c       0xa8 common/built-in.o
 .text.fdt_pack_reg
                0x0000000040218db4       0xd8 common/built-in.o
 .text.of_bus_default_translate
                0x0000000040218e8c       0xb8 common/built-in.o
 .text.fdt_support_default_count_cells
                0x0000000040218f44       0x70 common/built-in.o
                0x0000000040218f44                fdt_support_default_count_cells
 .text.__of_translate_address
                0x0000000040218fb4      0x270 common/built-in.o
 .text.fdt_find_and_setprop
                0x0000000040219224       0x94 common/built-in.o
                0x0000000040219224                fdt_find_and_setprop
 .text.fdt_find_or_add_subnode
                0x00000000402192b8       0x74 common/built-in.o
                0x00000000402192b8                fdt_find_or_add_subnode
 .text.fdt_root
                0x000000004021932c       0x98 common/built-in.o
                0x000000004021932c                fdt_root
 .text.fdt_initrd
                0x00000000402193c4      0x1b4 common/built-in.o
                0x00000000402193c4                fdt_initrd
 .text.fdt_chosen
                0x0000000040219578       0xbc common/built-in.o
                0x0000000040219578                fdt_chosen
 .text.do_fixup_by_path
                0x0000000040219634       0x4c common/built-in.o
                0x0000000040219634                do_fixup_by_path
 .text.fdt_fixup_memory_banks
                0x0000000040219680      0x188 common/built-in.o
                0x0000000040219680                fdt_fixup_memory_banks
 .text.fdt_fixup_memory
                0x0000000040219808       0x24 common/built-in.o
                0x0000000040219808                fdt_fixup_memory
 .text.fdt_fixup_ethernet
                0x000000004021982c      0x1ac common/built-in.o
                0x000000004021982c                fdt_fixup_ethernet
 .text.fdt_shrink_to_minimum
                0x00000000402199d8       0xdc common/built-in.o
                0x00000000402199d8                fdt_shrink_to_minimum
 .text.fdt_increase_size
                0x0000000040219ab4       0x14 common/built-in.o
                0x0000000040219ab4                fdt_increase_size
 .text.fdt_translate_address
                0x0000000040219ac8        0xc common/built-in.o
                0x0000000040219ac8                fdt_translate_address
 .text.fdt_overlay_apply_verbose
                0x0000000040219ad4       0x80 common/built-in.o
                0x0000000040219ad4                fdt_overlay_apply_verbose
 .text.miiphy_get_dev_by_name
                0x0000000040219b54       0x68 common/built-in.o
                0x0000000040219b54                miiphy_get_dev_by_name
 .text.miiphy_init
                0x0000000040219bbc       0x1c common/built-in.o
                0x0000000040219bbc                miiphy_init
 .text.mdio_alloc
                0x0000000040219bd8       0x3c common/built-in.o
                0x0000000040219bd8                mdio_alloc
 .text.mdio_free
                0x0000000040219c14        0x4 common/built-in.o
                0x0000000040219c14                mdio_free
 .text.mdio_register
                0x0000000040219c18       0x8c common/built-in.o
                0x0000000040219c18                mdio_register
 .text.mdio_unregister
                0x0000000040219ca4       0x30 common/built-in.o
                0x0000000040219ca4                mdio_unregister
 .text.mdio_list_devices
                0x0000000040219cd4       0xc8 common/built-in.o
                0x0000000040219cd4                mdio_list_devices
 .text.miiphy_set_current_dev
                0x0000000040219d9c       0x48 common/built-in.o
                0x0000000040219d9c                miiphy_set_current_dev
 .text.miiphy_get_active_dev
                0x0000000040219de4       0x60 common/built-in.o
 .text.mdio_get_current_dev
                0x0000000040219e44        0xc common/built-in.o
                0x0000000040219e44                mdio_get_current_dev
 .text.mdio_phydev_for_ethname
                0x0000000040219e50       0xa0 common/built-in.o
                0x0000000040219e50                mdio_phydev_for_ethname
 .text.miiphy_get_current_dev
                0x0000000040219ef0       0x14 common/built-in.o
                0x0000000040219ef0                miiphy_get_current_dev
 .text.miiphy_read
                0x0000000040219f04       0x5c common/built-in.o
                0x0000000040219f04                miiphy_read
 .text.miiphy_write
                0x0000000040219f60       0x60 common/built-in.o
                0x0000000040219f60                miiphy_write
 .text.miiphy_listdev
                0x0000000040219fc0       0x90 common/built-in.o
                0x0000000040219fc0                miiphy_listdev
 .text.miiphy_info
                0x000000004021a050       0xa0 common/built-in.o
                0x000000004021a050                miiphy_info
 .text.miiphy_is_1000base_x
                0x000000004021a0f0       0x40 common/built-in.o
                0x000000004021a0f0                miiphy_is_1000base_x
 .text.miiphy_speed
                0x000000004021a130      0x11c common/built-in.o
                0x000000004021a130                miiphy_speed
 .text.miiphy_duplex
                0x000000004021a24c      0x140 common/built-in.o
                0x000000004021a24c                miiphy_duplex
 .text.usb_set_maxpacket_ep
                0x000000004021a38c       0x84 common/built-in.o
 .text.usb_int_msg
                0x000000004021a410        0x4 common/built-in.o
                0x000000004021a410                usb_int_msg
 .text.usb_control_msg
                0x000000004021a414       0xa0 common/built-in.o
                0x000000004021a414                usb_control_msg
 .text.usb_get_descriptor
                0x000000004021a4b4       0x5c common/built-in.o
 .text.get_descriptor_len
                0x000000004021a510       0xa4 common/built-in.o
 .text.usb_setup_descriptor
                0x000000004021a5b4       0xec common/built-in.o
 .text.usb_get_string
                0x000000004021a6a0       0xa4 common/built-in.o
 .text.usb_string_sub
                0x000000004021a744      0x114 common/built-in.o
 .text.usb_bulk_msg
                0x000000004021a858       0x80 common/built-in.o
                0x000000004021a858                usb_bulk_msg
 .text.usb_maxpacket
                0x000000004021a8d8       0x1c common/built-in.o
                0x000000004021a8d8                usb_maxpacket
 .text.usb_clear_halt
                0x000000004021a8f4       0x9c common/built-in.o
                0x000000004021a8f4                usb_clear_halt
 .text.usb_get_configuration_len
                0x000000004021a990       0x78 common/built-in.o
                0x000000004021a990                usb_get_configuration_len
 .text.usb_get_configuration_no
                0x000000004021aa08       0x40 common/built-in.o
                0x000000004021aa08                usb_get_configuration_no
 .text.usb_set_interface
                0x000000004021aa48       0xb0 common/built-in.o
                0x000000004021aa48                usb_set_interface
 .text.usb_string
                0x000000004021aaf8      0x118 common/built-in.o
                0x000000004021aaf8                usb_string
 .text.usb_select_config
                0x000000004021ac10      0x4b8 common/built-in.o
                0x000000004021ac10                usb_select_config
 .text.usb_setup_device
                0x000000004021b0c8      0x114 common/built-in.o
                0x000000004021b0c8                usb_setup_device
 .text.usb_device_has_child_on_port
                0x000000004021b1dc        0x8 common/built-in.o
                0x000000004021b1dc                usb_device_has_child_on_port
 .text.usb_find_usb2_hub_address_port
                0x000000004021b1e4       0x90 common/built-in.o
                0x000000004021b1e4                usb_find_usb2_hub_address_port
 .text.usb_set_port_feature
                0x000000004021b274       0x4c common/built-in.o
 .text.usb_clear_port_feature
                0x000000004021b2c0       0x4c common/built-in.o
 .text.usb_get_hub_descriptor
                0x000000004021b30c       0x64 common/built-in.o
 .text.usb_hub_reset_devices
                0x000000004021b370        0x4 common/built-in.o
                0x000000004021b370                usb_hub_reset_devices
 .text.usb_hub_is_root_hub
                0x000000004021b374       0x20 common/built-in.o
                0x000000004021b374                usb_hub_is_root_hub
 .text.usb_get_port_status
                0x000000004021b394       0xc8 common/built-in.o
                0x000000004021b394                usb_get_port_status
 .text.usb_hub_port_connect_change
                0x000000004021b45c      0x180 common/built-in.o
                0x000000004021b45c                usb_hub_port_connect_change
 .text.usb_hub_configure
                0x000000004021b5dc      0x5a4 common/built-in.o
 .text.usb_hub_scan
                0x000000004021bb80       0x14 common/built-in.o
                0x000000004021bb80                usb_hub_scan
 .text.usb_hub_post_probe
                0x000000004021bb94        0x4 common/built-in.o
 .text.usb_stor_irq
                0x000000004021bb98       0x18 common/built-in.o
 .text.usb_stor_BBB_reset
                0x000000004021bbb0       0xec common/built-in.o
 .text.usb_stor_CB_reset
                0x000000004021bc9c       0xd4 common/built-in.o
 .text.usb_stor_BBB_clear_endpt_stall.isra.0
                0x000000004021bd70       0x4c common/built-in.o
 .text.usb_stor_BBB_transport
                0x000000004021bdbc      0x248 common/built-in.o
 .text.usb_stor_CB_comdat
                0x000000004021c004      0x1ec common/built-in.o
 .text.usb_stor_CBI_get_status.isra.0
                0x000000004021c1f0       0xd4 common/built-in.o
 .text.usb_stor_CB_transport
                0x000000004021c2c4      0x1f4 common/built-in.o
 .text.usb_request_sense.constprop.0
                0x000000004021c4b8       0x8c common/built-in.o
 .text.usb_stor_read
                0x000000004021c544      0x19c common/built-in.o
 .text.usb_stor_write
                0x000000004021c6e0      0x19c common/built-in.o
 .text.usb_stor_info
                0x000000004021c87c       0x88 common/built-in.o
                0x000000004021c87c                usb_stor_info
 .text.usb_stor_reset
                0x000000004021c904        0xc common/built-in.o
                0x000000004021c904                usb_stor_reset
 .text.usb_stor_scan
                0x000000004021c910       0x4c common/built-in.o
                0x000000004021c910                usb_stor_scan
 .text.usb_storage_probe
                0x000000004021c95c      0x25c common/built-in.o
                0x000000004021c95c                usb_storage_probe
 .text.usb_stor_get_info
                0x000000004021cbb8      0x2e4 common/built-in.o
                0x000000004021cbb8                usb_stor_get_info
 .text.usb_mass_storage_probe
                0x000000004021ce9c      0x18c common/built-in.o
 .text.iomux_doenv
                0x000000004021d028      0x1cc common/built-in.o
                0x000000004021d028                iomux_doenv
 .text.delete_char.part.0
                0x000000004021d1f4       0xfc common/built-in.o
 .text.cread_add_char
                0x000000004021d2f0      0x100 common/built-in.o
 .text.cli_readline_into_buffer
                0x000000004021d3f0      0x8c8 common/built-in.o
                0x000000004021d3f0                cli_readline_into_buffer
 .text.cli_readline
                0x000000004021dcb8       0x14 common/built-in.o
                0x000000004021dcb8                cli_readline
 .text.console_tstc
                0x000000004021dccc       0xa8 common/built-in.o
 .text.console_putc
                0x000000004021dd74       0x70 common/built-in.o
 .text.console_puts
                0x000000004021dde4       0x70 common/built-in.o
 .text.on_console
                0x000000004021de54       0xc0 common/built-in.o
 .text.serial_printf
                0x000000004021df14       0x88 common/built-in.o
                0x000000004021df14                serial_printf
 .text.puts     0x000000004021df9c       0x28 common/built-in.o
                0x000000004021df9c                puts
 .text.putc     0x000000004021dfc4       0x2c common/built-in.o
                0x000000004021dfc4                putc
 .text.console_getc.isra.0
                0x000000004021dff0       0x30 common/built-in.o
 .text.tstc     0x000000004021e020       0x24 common/built-in.o
                0x000000004021e020                tstc
 .text.getc     0x000000004021e044       0x4c common/built-in.o
                0x000000004021e044                getc
 .text.fputs    0x000000004021e090       0x10 common/built-in.o
                0x000000004021e090                fputs
 .text.ctrlc    0x000000004021e0a0       0x54 common/built-in.o
                0x000000004021e0a0                ctrlc
 .text.confirm_yesno
                0x000000004021e0f4       0xd8 common/built-in.o
                0x000000004021e0f4                confirm_yesno
 .text.disable_ctrlc
                0x000000004021e1cc       0x14 common/built-in.o
                0x000000004021e1cc                disable_ctrlc
 .text.had_ctrlc
                0x000000004021e1e0        0xc common/built-in.o
                0x000000004021e1e0                had_ctrlc
 .text.clear_ctrlc
                0x000000004021e1ec        0xc common/built-in.o
                0x000000004021e1ec                clear_ctrlc
 .text.search_device
                0x000000004021e1f8       0x34 common/built-in.o
                0x000000004021e1f8                search_device
 .text.console_assign
                0x000000004021e22c       0xd8 common/built-in.o
                0x000000004021e22c                console_assign
 .text.console_init_f
                0x000000004021e304       0x10 common/built-in.o
                0x000000004021e304                console_init_f
 .text.stdio_print_current_devices
                0x000000004021e314       0xbc common/built-in.o
                0x000000004021e314                stdio_print_current_devices
 .text.console_init_r
                0x000000004021e3d0      0x1a0 common/built-in.o
                0x000000004021e3d0                console_init_r
 .text.sbrk     0x000000004021e570       0x74 common/built-in.o
                0x000000004021e570                sbrk
 .text.mem_malloc_init
                0x000000004021e5e4       0x28 common/built-in.o
                0x000000004021e5e4                mem_malloc_init
 .text.malloc_trim
                0x000000004021e60c       0xd8 common/built-in.o
                0x000000004021e60c                malloc_trim
 .text.free     0x000000004021e6e4      0x21c common/built-in.o
                0x000000004021e6e4                free
 .text.malloc   0x000000004021e900      0x62c common/built-in.o
                0x000000004021e900                malloc
 .text.calloc   0x000000004021ef2c       0xdc common/built-in.o
                0x000000004021ef2c                calloc
 .text.realloc  0x000000004021f008      0x460 common/built-in.o
                0x000000004021f008                realloc
 .text.memalign
                0x000000004021f468      0x1b0 common/built-in.o
                0x000000004021f468                memalign
 .text.initf_malloc
                0x000000004021f618       0x18 common/built-in.o
                0x000000004021f618                initf_malloc
 .text.alloc_simple
                0x000000004021f630       0x58 common/built-in.o
 .text.malloc_simple
                0x000000004021f688        0x8 common/built-in.o
                0x000000004021f688                malloc_simple
 .text.memalign_simple
                0x000000004021f690       0x10 common/built-in.o
                0x000000004021f690                memalign_simple
 .text.on_loadaddr
                0x000000004021f6a0       0x3c common/built-in.o
 .text.image_check_hcrc
                0x000000004021f6dc       0x50 common/built-in.o
                0x000000004021f6dc                image_check_hcrc
 .text.image_check_dcrc
                0x000000004021f72c       0x44 common/built-in.o
                0x000000004021f72c                image_check_dcrc
 .text.image_multi_count
                0x000000004021f770       0x20 common/built-in.o
                0x000000004021f770                image_multi_count
 .text.image_multi_getimg
                0x000000004021f790       0x84 common/built-in.o
                0x000000004021f790                image_multi_getimg
 .text.env_get_bootm_low
                0x000000004021f814       0x34 common/built-in.o
                0x000000004021f814                env_get_bootm_low
 .text.env_get_bootm_size
                0x000000004021f848       0x78 common/built-in.o
                0x000000004021f848                env_get_bootm_size
 .text.env_get_bootm_mapsize
                0x000000004021f8c0       0x30 common/built-in.o
                0x000000004021f8c0                env_get_bootm_mapsize
 .text.memmove_wd
                0x000000004021f8f0       0x10 common/built-in.o
                0x000000004021f8f0                memmove_wd
 .text.genimg_print_size
                0x000000004021f900       0x38 common/built-in.o
                0x000000004021f900                genimg_print_size
 .text.get_table_entry
                0x000000004021f938       0x20 common/built-in.o
                0x000000004021f938                get_table_entry
 .text.get_table_entry_name
                0x000000004021f958       0x28 common/built-in.o
                0x000000004021f958                get_table_entry_name
 .text.genimg_get_os_name
                0x000000004021f980       0x18 common/built-in.o
                0x000000004021f980                genimg_get_os_name
 .text.genimg_get_arch_name
                0x000000004021f998       0x18 common/built-in.o
                0x000000004021f998                genimg_get_arch_name
 .text.genimg_get_type_name
                0x000000004021f9b0       0x18 common/built-in.o
                0x000000004021f9b0                genimg_get_type_name
 .text.image_decomp
                0x000000004021f9c8      0x148 common/built-in.o
                0x000000004021f9c8                image_decomp
 .text.genimg_get_comp_name
                0x000000004021fb10       0x18 common/built-in.o
                0x000000004021fb10                genimg_get_comp_name
 .text.image_print_contents
                0x000000004021fb28      0x1c0 common/built-in.o
                0x000000004021fb28                image_print_contents
 .text.get_table_entry_id
                0x000000004021fce8       0x50 common/built-in.o
                0x000000004021fce8                get_table_entry_id
 .text.genimg_get_os_id
                0x000000004021fd38       0x18 common/built-in.o
                0x000000004021fd38                genimg_get_os_id
 .text.genimg_get_arch_id
                0x000000004021fd50       0x18 common/built-in.o
                0x000000004021fd50                genimg_get_arch_id
 .text.genimg_get_type_id
                0x000000004021fd68       0x18 common/built-in.o
                0x000000004021fd68                genimg_get_type_id
 .text.genimg_get_comp_id
                0x000000004021fd80       0x18 common/built-in.o
                0x000000004021fd80                genimg_get_comp_id
 .text.genimg_get_kernel_addr_fit
                0x000000004021fd98       0x78 common/built-in.o
                0x000000004021fd98                genimg_get_kernel_addr_fit
 .text.genimg_get_format
                0x000000004021fe10       0x5c common/built-in.o
                0x000000004021fe10                genimg_get_format
 .text.genimg_has_config
                0x000000004021fe6c       0x10 common/built-in.o
                0x000000004021fe6c                genimg_has_config
 .text.boot_get_ramdisk
                0x000000004021fe7c      0x388 common/built-in.o
                0x000000004021fe7c                boot_get_ramdisk
 .text.boot_ramdisk_high
                0x0000000040220204      0x12c common/built-in.o
                0x0000000040220204                boot_ramdisk_high
 .text.boot_get_setup
                0x0000000040220330        0x4 common/built-in.o
                0x0000000040220330                boot_get_setup
 .text.boot_get_loadable
                0x0000000040220334      0x194 common/built-in.o
                0x0000000040220334                boot_get_loadable
 .text.image_setup_linux
                0x00000000402204c8       0x60 common/built-in.o
                0x00000000402204c8                image_setup_linux
 .text.append_kernel_cmdline
                0x0000000040220528      0x348 common/built-in.o
 .text.android_image_get_kernel
                0x0000000040220870      0x2a8 common/built-in.o
                0x0000000040220870                android_image_get_kernel
 .text.android_image_check_header
                0x0000000040220b18       0x14 common/built-in.o
                0x0000000040220b18                android_image_check_header
 .text.android_image_get_end
                0x0000000040220b2c      0x130 common/built-in.o
                0x0000000040220b2c                android_image_get_end
 .text.android_image_get_kload
                0x0000000040220c5c       0x58 common/built-in.o
                0x0000000040220c5c                android_image_get_kload
 .text.android_image_get_kcomp
                0x0000000040220cb4       0x54 common/built-in.o
                0x0000000040220cb4                android_image_get_kcomp
 .text.android_image_get_ramdisk
                0x0000000040220d08      0x128 common/built-in.o
                0x0000000040220d08                android_image_get_ramdisk
 .text.android_image_get_second
                0x0000000040220e30      0x14c common/built-in.o
                0x0000000040220e30                android_image_get_second
 .text.android_print_contents
                0x0000000040220f7c      0x3ac common/built-in.o
                0x0000000040220f7c                android_print_contents
 .text.fdt_error
                0x0000000040221328       0x38 common/built-in.o
 .text.boot_fdt_reserve_region
                0x0000000040221360       0x50 common/built-in.o
 .text.boot_fdt_add_mem_rsv_regions
                0x00000000402213b0      0x104 common/built-in.o
                0x00000000402213b0                boot_fdt_add_mem_rsv_regions
 .text.boot_relocate_fdt
                0x00000000402214b4      0x1a8 common/built-in.o
                0x00000000402214b4                boot_relocate_fdt
 .text.boot_get_fdt
                0x000000004022165c      0x404 common/built-in.o
                0x000000004022165c                boot_get_fdt
 .text.ft_verify_fdt
                0x0000000040221a60        0x8 common/built-in.o
                0x0000000040221a60                ft_verify_fdt
 .text.image_setup_libfdt
                0x0000000040221a68      0x150 common/built-in.o
                0x0000000040221a68                image_setup_libfdt
 .text.fit_image_get_address
                0x0000000040221bb8       0x84 common/built-in.o
 .text.fit_parse_conf
                0x0000000040221c3c       0x78 common/built-in.o
                0x0000000040221c3c                fit_parse_conf
 .text.fit_parse_subimage
                0x0000000040221cb4       0x78 common/built-in.o
                0x0000000040221cb4                fit_parse_subimage
 .text.fit_get_desc
                0x0000000040221d2c       0x38 common/built-in.o
                0x0000000040221d2c                fit_get_desc
 .text.fit_image_get_node
                0x0000000040221d64       0x48 common/built-in.o
                0x0000000040221d64                fit_image_get_node
 .text.fit_image_get_os
                0x0000000040221dac       0x4c common/built-in.o
                0x0000000040221dac                fit_image_get_os
 .text.fit_image_get_arch
                0x0000000040221df8       0x4c common/built-in.o
                0x0000000040221df8                fit_image_get_arch
 .text.fit_image_get_type
                0x0000000040221e44       0x4c common/built-in.o
                0x0000000040221e44                fit_image_get_type
 .text.fit_image_get_comp
                0x0000000040221e90       0x4c common/built-in.o
                0x0000000040221e90                fit_image_get_comp
 .text.fit_image_get_load
                0x0000000040221edc       0x10 common/built-in.o
                0x0000000040221edc                fit_image_get_load
 .text.fit_image_get_entry
                0x0000000040221eec       0x10 common/built-in.o
                0x0000000040221eec                fit_image_get_entry
 .text.fit_image_get_data
                0x0000000040221efc       0x50 common/built-in.o
                0x0000000040221efc                fit_image_get_data
 .text.fit_image_get_data_offset
                0x0000000040221f4c       0x48 common/built-in.o
                0x0000000040221f4c                fit_image_get_data_offset
 .text.fit_image_get_data_position
                0x0000000040221f94       0x48 common/built-in.o
                0x0000000040221f94                fit_image_get_data_position
 .text.fit_image_get_data_size
                0x0000000040221fdc       0x48 common/built-in.o
                0x0000000040221fdc                fit_image_get_data_size
 .text.fit_image_get_data_and_size
                0x0000000040222024       0xac common/built-in.o
                0x0000000040222024                fit_image_get_data_and_size
 .text.fit_image_hash_get_algo
                0x00000000402220d0       0x38 common/built-in.o
                0x00000000402220d0                fit_image_hash_get_algo
 .text.fit_image_hash_get_value
                0x0000000040222108       0x50 common/built-in.o
                0x0000000040222108                fit_image_hash_get_value
 .text.fit_image_print_data
                0x0000000040222158      0x190 common/built-in.o
 .text.fit_image_print_verification_data
                0x00000000402222e8       0xbc common/built-in.o
 .text.fit_image_print
                0x00000000402223a4      0x2fc common/built-in.o
                0x00000000402223a4                fit_image_print
 .text.fit_print_contents
                0x00000000402226a0      0x454 common/built-in.o
                0x00000000402226a0                fit_print_contents
 .text.fit_get_end
                0x0000000040222af4       0x10 common/built-in.o
                0x0000000040222af4                fit_get_end
 .text.calculate_hash
                0x0000000040222b04      0x11c common/built-in.o
                0x0000000040222b04                calculate_hash
 .text.fit_image_verify_with_data
                0x0000000040222c20      0x1f4 common/built-in.o
                0x0000000040222c20                fit_image_verify_with_data
 .text.fit_image_verify
                0x0000000040222e14       0x90 common/built-in.o
                0x0000000040222e14                fit_image_verify
 .text.fit_all_image_verify
                0x0000000040222ea4      0x110 common/built-in.o
                0x0000000040222ea4                fit_all_image_verify
 .text.fit_image_check_os
                0x0000000040222fb4       0x3c common/built-in.o
                0x0000000040222fb4                fit_image_check_os
 .text.fit_image_check_arch
                0x0000000040222ff0       0x64 common/built-in.o
                0x0000000040222ff0                fit_image_check_arch
 .text.fit_image_check_type
                0x0000000040223054       0x3c common/built-in.o
                0x0000000040223054                fit_image_check_type
 .text.fit_image_check_comp
                0x0000000040223090       0x3c common/built-in.o
                0x0000000040223090                fit_image_check_comp
 .text.fit_check_format
                0x00000000402230cc       0x54 common/built-in.o
                0x00000000402230cc                fit_check_format
 .text.fit_conf_get_node
                0x0000000040223120       0xdc common/built-in.o
                0x0000000040223120                fit_conf_get_node
 .text.fit_conf_get_prop_node_index
                0x00000000402231fc       0x3c common/built-in.o
                0x00000000402231fc                fit_conf_get_prop_node_index
 .text.fit_conf_get_prop_node
                0x0000000040223238        0x8 common/built-in.o
                0x0000000040223238                fit_conf_get_prop_node
 .text.fit_get_node_from_config
                0x0000000040223240       0x54 common/built-in.o
                0x0000000040223240                fit_get_node_from_config
 .text.fit_image_load
                0x0000000040223294      0x648 common/built-in.o
                0x0000000040223294                fit_image_load
 .text.boot_get_setup_fit
                0x00000000402238dc       0x78 common/built-in.o
                0x00000000402238dc                boot_get_setup_fit
 .text.boot_get_fdt_fit
                0x0000000040223954      0x318 common/built-in.o
                0x0000000040223954                boot_get_fdt_fit
 .text.nulldev_putc
                0x0000000040223c6c        0x4 common/built-in.o
 .text.nulldev_puts
                0x0000000040223c70        0x4 common/built-in.o
 .text.nulldev_input
                0x0000000040223c74        0x8 common/built-in.o
 .text.stdio_serial_tstc
                0x0000000040223c7c        0x4 common/built-in.o
 .text.stdio_serial_getc
                0x0000000040223c80        0x4 common/built-in.o
 .text.stdio_serial_puts
                0x0000000040223c84        0x8 common/built-in.o
 .text.stdio_serial_putc
                0x0000000040223c8c        0x8 common/built-in.o
 .text.stdio_get_list
                0x0000000040223c94       0x10 common/built-in.o
                0x0000000040223c94                stdio_get_list
 .text.stdio_get_by_name
                0x0000000040223ca4       0x6c common/built-in.o
                0x0000000040223ca4                stdio_get_by_name
 .text.stdio_clone
                0x0000000040223d10       0x4c common/built-in.o
                0x0000000040223d10                stdio_clone
 .text.stdio_register_dev
                0x0000000040223d5c       0x58 common/built-in.o
                0x0000000040223d5c                stdio_register_dev
 .text.stdio_register
                0x0000000040223db4        0x8 common/built-in.o
                0x0000000040223db4                stdio_register
 .text.stdio_deregister_dev
                0x0000000040223dbc      0x120 common/built-in.o
                0x0000000040223dbc                stdio_deregister_dev
 .text.stdio_deregister
                0x0000000040223edc       0x38 common/built-in.o
                0x0000000040223edc                stdio_deregister
 .text.stdio_init_tables
                0x0000000040223f14       0x18 common/built-in.o
                0x0000000040223f14                stdio_init_tables
 .text.stdio_add_devices
                0x0000000040223f2c       0xd4 common/built-in.o
                0x0000000040223f2c                stdio_add_devices
 .text.run_command
                0x0000000040224000       0x14 common/built-in.o
                0x0000000040224000                run_command
 .text.run_command_list
                0x0000000040224014       0x90 common/built-in.o
                0x0000000040224014                run_command_list
 .text.do_run   0x00000000402240a4       0x88 common/built-in.o
                0x00000000402240a4                do_run
 .text.cli_process_fdt
                0x000000004022412c       0x50 common/built-in.o
                0x000000004022412c                cli_process_fdt
 .text.cli_secure_boot_cmd
                0x000000004022417c       0x74 common/built-in.o
                0x000000004022417c                cli_secure_boot_cmd
 .text.cli_loop
                0x00000000402241f0       0x18 common/built-in.o
                0x00000000402241f0                cli_loop
 .text.cli_init
                0x0000000040224208        0x4 common/built-in.o
                0x0000000040224208                cli_init
 .text.find_cmd_tbl
                0x000000004022420c       0xc0 common/built-in.o
                0x000000004022420c                find_cmd_tbl
 .text.find_cmd
                0x00000000402242cc       0x30 common/built-in.o
                0x00000000402242cc                find_cmd
 .text.cmd_usage
                0x00000000402242fc       0x68 common/built-in.o
                0x00000000402242fc                cmd_usage
 .text._do_help
                0x0000000040224364      0x188 common/built-in.o
                0x0000000040224364                _do_help
 .text.var_complete
                0x00000000402244ec       0x80 common/built-in.o
                0x00000000402244ec                var_complete
 .text.complete_subcmdv
                0x000000004022456c      0x1b8 common/built-in.o
                0x000000004022456c                complete_subcmdv
 .text.cmd_auto_complete
                0x0000000040224724      0x3f8 common/built-in.o
                0x0000000040224724                cmd_auto_complete
 .text.cmd_get_data_size
                0x0000000040224b1c       0x6c common/built-in.o
                0x0000000040224b1c                cmd_get_data_size
 .text.cmd_always_repeatable
                0x0000000040224b88       0x14 common/built-in.o
                0x0000000040224b88                cmd_always_repeatable
 .text.cmd_never_repeatable
                0x0000000040224b9c       0x10 common/built-in.o
                0x0000000040224b9c                cmd_never_repeatable
 .text.cmd_process